../Core/Src/main.c:85:6:can1_ccu_status_1_transmit_callback	16	static
../Core/Src/main.c:95:6:can1_ccu_status_2_transmit_callback	16	static
../Core/Src/main.c:99:6:set_duty_cycle	24	static
../Core/Src/main.c:134:6:can1_mcu_set_ccu_cooling_points_receive_callback	16	static
../Core/Src/main.c:145:7:temperature_from_thermistor	24	static
../Core/Src/main.c:163:6:HAL_ADC_ConvCpltCallback	16	static
../Core/Src/main.c:167:6:set_sample_frequency	32	static
../Core/Src/main.c:175:6:set_cooling_frequency	32	static
../Core/Src/main.c:185:6:initialize_timers	8	static
../Core/Src/main.c:230:5:main	24	static
../Core/Src/main.c:309:6:SystemClock_Config	88	static
../Core/Src/main.c:347:6:Error_Handler	8	static,ignoring_inline_asm
