../Core/Src/stm32f0xx_it.c:77:6:NMI_Handler	8	static
../Core/Src/stm32f0xx_it.c:90:6:HardFault_Handler	8	static
../Core/Src/stm32f0xx_it.c:105:6:SVC_Handler	8	static
../Core/Src/stm32f0xx_it.c:118:6:PendSV_Handler	8	static
../Core/Src/stm32f0xx_it.c:131:6:SysTick_Handler	8	static
../Core/Src/stm32f0xx_it.c:152:6:RCC_CRS_IRQHandler	8	static
../Core/Src/stm32f0xx_it.c:165:6:DMA1_Ch1_IRQHandler	8	static
../Core/Src/stm32f0xx_it.c:179:6:ADC1_COMP_IRQHandler	8	static
../Core/Src/stm32f0xx_it.c:193:6:TIM1_BRK_UP_TRG_COM_IRQHandler	8	static
../Core/Src/stm32f0xx_it.c:207:6:TIM1_CC_IRQHandler	8	static
../Core/Src/stm32f0xx_it.c:221:6:TIM2_IRQHandler	8	static
../Core/Src/stm32f0xx_it.c:235:6:TIM3_IRQHandler	8	static
../Core/Src/stm32f0xx_it.c:249:6:TIM7_IRQHandler	8	static
../Core/Src/stm32f0xx_it.c:263:6:TIM15_IRQHandler	8	static
../Core/Src/stm32f0xx_it.c:277:6:CEC_CAN_IRQHandler	8	static
