Archive member included to satisfy reference by file (symbol)

c:/st/stm32cubeide_1.10.1/stm32cubeide/plugins/com.st.stm32cube.ide.mcu.externaltools.gnu-tools-for-stm32.10.3-2021.10.win32_1.0.200.202301161003/tools/bin/../lib/gcc/arm-none-eabi/10.3.1/../../../../arm-none-eabi/lib/thumb/v6-m/nofp\libc_nano.a(lib_a-errno.o)
                              ./Core/Src/syscalls.o (__errno)
c:/st/stm32cubeide_1.10.1/stm32cubeide/plugins/com.st.stm32cube.ide.mcu.externaltools.gnu-tools-for-stm32.10.3-2021.10.win32_1.0.200.202301161003/tools/bin/../lib/gcc/arm-none-eabi/10.3.1/../../../../arm-none-eabi/lib/thumb/v6-m/nofp\libc_nano.a(lib_a-exit.o)
                              c:/st/stm32cubeide_1.10.1/stm32cubeide/plugins/com.st.stm32cube.ide.mcu.externaltools.gnu-tools-for-stm32.10.3-2021.10.win32_1.0.200.202301161003/tools/bin/../lib/gcc/arm-none-eabi/10.3.1/../../../../arm-none-eabi/lib/thumb/v6-m/nofp/crt0.o (exit)
c:/st/stm32cubeide_1.10.1/stm32cubeide/plugins/com.st.stm32cube.ide.mcu.externaltools.gnu-tools-for-stm32.10.3-2021.10.win32_1.0.200.202301161003/tools/bin/../lib/gcc/arm-none-eabi/10.3.1/../../../../arm-none-eabi/lib/thumb/v6-m/nofp\libc_nano.a(lib_a-impure.o)
                              c:/st/stm32cubeide_1.10.1/stm32cubeide/plugins/com.st.stm32cube.ide.mcu.externaltools.gnu-tools-for-stm32.10.3-2021.10.win32_1.0.200.202301161003/tools/bin/../lib/gcc/arm-none-eabi/10.3.1/../../../../arm-none-eabi/lib/thumb/v6-m/nofp\libc_nano.a(lib_a-exit.o) (_global_impure_ptr)
c:/st/stm32cubeide_1.10.1/stm32cubeide/plugins/com.st.stm32cube.ide.mcu.externaltools.gnu-tools-for-stm32.10.3-2021.10.win32_1.0.200.202301161003/tools/bin/../lib/gcc/arm-none-eabi/10.3.1/../../../../arm-none-eabi/lib/thumb/v6-m/nofp\libc_nano.a(lib_a-init.o)
                              c:/st/stm32cubeide_1.10.1/stm32cubeide/plugins/com.st.stm32cube.ide.mcu.externaltools.gnu-tools-for-stm32.10.3-2021.10.win32_1.0.200.202301161003/tools/bin/../lib/gcc/arm-none-eabi/10.3.1/../../../../arm-none-eabi/lib/thumb/v6-m/nofp/crt0.o (__libc_init_array)
c:/st/stm32cubeide_1.10.1/stm32cubeide/plugins/com.st.stm32cube.ide.mcu.externaltools.gnu-tools-for-stm32.10.3-2021.10.win32_1.0.200.202301161003/tools/bin/../lib/gcc/arm-none-eabi/10.3.1/../../../../arm-none-eabi/lib/thumb/v6-m/nofp\libc_nano.a(lib_a-memset.o)
                              c:/st/stm32cubeide_1.10.1/stm32cubeide/plugins/com.st.stm32cube.ide.mcu.externaltools.gnu-tools-for-stm32.10.3-2021.10.win32_1.0.200.202301161003/tools/bin/../lib/gcc/arm-none-eabi/10.3.1/../../../../arm-none-eabi/lib/thumb/v6-m/nofp/crt0.o (memset)
c:/st/stm32cubeide_1.10.1/stm32cubeide/plugins/com.st.stm32cube.ide.mcu.externaltools.gnu-tools-for-stm32.10.3-2021.10.win32_1.0.200.202301161003/tools/bin/../lib/gcc/arm-none-eabi/10.3.1/../../../../arm-none-eabi/lib/thumb/v6-m/nofp\libm.a(lib_a-w_log.o)
                              ./Core/Src/main.o (log)
c:/st/stm32cubeide_1.10.1/stm32cubeide/plugins/com.st.stm32cube.ide.mcu.externaltools.gnu-tools-for-stm32.10.3-2021.10.win32_1.0.200.202301161003/tools/bin/../lib/gcc/arm-none-eabi/10.3.1/../../../../arm-none-eabi/lib/thumb/v6-m/nofp\libm.a(lib_a-w_sqrt.o)
                              ./Core/Src/main.o (sqrt)
c:/st/stm32cubeide_1.10.1/stm32cubeide/plugins/com.st.stm32cube.ide.mcu.externaltools.gnu-tools-for-stm32.10.3-2021.10.win32_1.0.200.202301161003/tools/bin/../lib/gcc/arm-none-eabi/10.3.1/../../../../arm-none-eabi/lib/thumb/v6-m/nofp\libm.a(lib_a-e_log.o)
                              c:/st/stm32cubeide_1.10.1/stm32cubeide/plugins/com.st.stm32cube.ide.mcu.externaltools.gnu-tools-for-stm32.10.3-2021.10.win32_1.0.200.202301161003/tools/bin/../lib/gcc/arm-none-eabi/10.3.1/../../../../arm-none-eabi/lib/thumb/v6-m/nofp\libm.a(lib_a-w_log.o) (__ieee754_log)
c:/st/stm32cubeide_1.10.1/stm32cubeide/plugins/com.st.stm32cube.ide.mcu.externaltools.gnu-tools-for-stm32.10.3-2021.10.win32_1.0.200.202301161003/tools/bin/../lib/gcc/arm-none-eabi/10.3.1/../../../../arm-none-eabi/lib/thumb/v6-m/nofp\libm.a(lib_a-e_sqrt.o)
                              c:/st/stm32cubeide_1.10.1/stm32cubeide/plugins/com.st.stm32cube.ide.mcu.externaltools.gnu-tools-for-stm32.10.3-2021.10.win32_1.0.200.202301161003/tools/bin/../lib/gcc/arm-none-eabi/10.3.1/../../../../arm-none-eabi/lib/thumb/v6-m/nofp\libm.a(lib_a-w_sqrt.o) (__ieee754_sqrt)
c:/st/stm32cubeide_1.10.1/stm32cubeide/plugins/com.st.stm32cube.ide.mcu.externaltools.gnu-tools-for-stm32.10.3-2021.10.win32_1.0.200.202301161003/tools/bin/../lib/gcc/arm-none-eabi/10.3.1/../../../../arm-none-eabi/lib/thumb/v6-m/nofp\libm.a(lib_a-s_nan.o)
                              c:/st/stm32cubeide_1.10.1/stm32cubeide/plugins/com.st.stm32cube.ide.mcu.externaltools.gnu-tools-for-stm32.10.3-2021.10.win32_1.0.200.202301161003/tools/bin/../lib/gcc/arm-none-eabi/10.3.1/../../../../arm-none-eabi/lib/thumb/v6-m/nofp\libm.a(lib_a-w_log.o) (nan)
[...]
Memory Configuration

Name             Origin             Length             Attributes
RAM              0x0000000020000400 0x0000000000007c00 xrw
FLASH            0x0000000008008000 0x0000000000038000 xr
*default*        0x0000000000000000 0xffffffffffffffff

Linker script and memory map

LOAD c:/st/stm32cubeide_1.10.1/stm32cubeide/plugins/com.st.stm32cube.ide.mcu.externaltools.gnu-tools-for-stm32.10.3-2021.10.win32_1.0.200.202301161003/tools/bin/../lib/gcc/arm-none-eabi/10.3.1/thumb/v6-m/nofp/crti.o
LOAD c:/st/stm32cubeide_1.10.1/stm32cubeide/plugins/com.st.stm32cube.ide.mcu.externaltools.gnu-tools-for-stm32.10.3-2021.10.win32_1.0.200.202301161003/tools/bin/../lib/gcc/arm-none-eabi/10.3.1/thumb/v6-m/nofp/crtbegin.o
LOAD c:/st/stm32cubeide_1.10.1/stm32cubeide/plugins/com.st.stm32cube.ide.mcu.externaltools.gnu-tools-for-stm32.10.3-2021.10.win32_1.0.200.202301161003/tools/bin/../lib/gcc/arm-none-eabi/10.3.1/../../../../arm-none-eabi/lib/thumb/v6-m/nofp/crt0.o
LOAD ./Core/CAN/can_can1.o
LOAD ./Core/CAN/can_hal_callbacks.o
LOAD ./Core/CAN/can_hal_can1.o
LOAD ./Core/Src/adc.o
LOAD ./Core/Src/can.o
LOAD ./Core/Src/dma.o
LOAD ./Core/Src/gpio.o
LOAD ./Core/Src/main.o
LOAD ./Core/Src/stm32f0xx_hal_msp.o
LOAD ./Core/Src/stm32f0xx_it.o
LOAD ./Core/Src/syscalls.o
LOAD ./Core/Src/sysmem.o
LOAD ./Core/Src/system_stm32f0xx.o
LOAD ./Core/Src/tim.o
LOAD ./Core/Startup/startup_stm32f091rctx.o
LOAD ./Drivers/STM32F0xx_HAL_Driver/Src/stm32f0xx_hal.o
LOAD ./Drivers/STM32F0xx_HAL_Driver/Src/stm32f0xx_hal_adc.o
LOAD ./Drivers/STM32F0xx_HAL_Driver/Src/stm32f0xx_hal_adc_ex.o
LOAD ./Drivers/STM32F0xx_HAL_Driver/Src/stm32f0xx_hal_can.o
LOAD ./Drivers/STM32F0xx_HAL_Driver/Src/stm32f0xx_hal_cortex.o
LOAD ./Drivers/STM32F0xx_HAL_Driver/Src/stm32f0xx_hal_dma.o
LOAD ./Drivers/STM32F0xx_HAL_Driver/Src/stm32f0xx_hal_exti.o
LOAD ./Drivers/STM32F0xx_HAL_Driver/Src/stm32f0xx_hal_flash.o
LOAD ./Drivers/STM32F0xx_HAL_Driver/Src/stm32f0xx_hal_flash_ex.o
LOAD ./Drivers/STM32F0xx_HAL_Driver/Src/stm32f0xx_hal_gpio.o
LOAD ./Drivers/STM32F0xx_HAL_Driver/Src/stm32f0xx_hal_i2c.o
LOAD ./Drivers/STM32F0xx_HAL_Driver/Src/stm32f0xx_hal_i2c_ex.o
LOAD ./Drivers/STM32F0xx_HAL_Driver/Src/stm32f0xx_hal_pwr.o
LOAD ./Drivers/STM32F0xx_HAL_Driver/Src/stm32f0xx_hal_pwr_ex.o
LOAD ./Drivers/STM32F0xx_HAL_Driver/Src/stm32f0xx_hal_rcc.o
LOAD ./Drivers/STM32F0xx_HAL_Driver/Src/stm32f0xx_hal_rcc_ex.o
LOAD ./Drivers/STM32F0xx_HAL_Driver/Src/stm32f0xx_hal_tim.o
LOAD ./Drivers/STM32F0xx_HAL_Driver/Src/stm32f0xx_hal_tim_ex.o
LOAD C:\Users\ionie\Documents\UniDocs\KTH\FS\Technical\CCU-SW\Core\Lib\libarm_cortexM0l_math.a
START GROUP
LOAD c:/st/stm32cubeide_1.10.1/stm32cubeide/plugins/com.st.stm32cube.ide.mcu.externaltools.gnu-tools-for-stm32.10.3-2021.10.win32_1.0.200.202301161003/tools/bin/../lib/gcc/arm-none-eabi/10.3.1/../../../../arm-none-eabi/lib/thumb/v6-m/nofp\libc_nano.a
LOAD c:/st/stm32cubeide_1.10.1/stm32cubeide/plugins/com.st.stm32cube.ide.mcu.externaltools.gnu-tools-for-stm32.10.3-2021.10.win32_1.0.200.202301161003/tools/bin/../lib/gcc/arm-none-eabi/10.3.1/../../../../arm-none-eabi/lib/thumb/v6-m/nofp\libm.a
END GROUP
START GROUP
LOAD c:/st/stm32cubeide_1.10.1/stm32cubeide/plugins/com.st.stm32cube.ide.mcu.externaltools.gnu-tools-for-stm32.10.3-2021.10.win32_1.0.200.202301161003/tools/bin/../lib/gcc/arm-none-eabi/10.3.1/thumb/v6-m/nofp\libgcc.a
LOAD c:/st/stm32cubeide_1.10.1/stm32cubeide/plugins/com.st.stm32cube.ide.mcu.externaltools.gnu-tools-for-stm32.10.3-2021.10.win32_1.0.200.202301161003/tools/bin/../lib/gcc/arm-none-eabi/10.3.1/../../../../arm-none-eabi/lib/thumb/v6-m/nofp\libc_nano.a
END GROUP
START GROUP
LOAD c:/st/stm32cubeide_1.10.1/stm32cubeide/plugins/com.st.stm32cube.ide.mcu.externaltools.gnu-tools-for-stm32.10.3-2021.10.win32_1.0.200.202301161003/tools/bin/../lib/gcc/arm-none-eabi/10.3.1/thumb/v6-m/nofp\libgcc.a
LOAD c:/st/stm32cubeide_1.10.1/stm32cubeide/plugins/com.st.stm32cube.ide.mcu.externaltools.gnu-tools-for-stm32.10.3-2021.10.win32_1.0.200.202301161003/tools/bin/../lib/gcc/arm-none-eabi/10.3.1/../../../../arm-none-eabi/lib/thumb/v6-m/nofp\libc_nano.a
LOAD c:/st/stm32cubeide_1.10.1/stm32cubeide/plugins/com.st.stm32cube.ide.mcu.externaltools.gnu-tools-for-stm32.10.3-2021.10.win32_1.0.200.202301161003/tools/bin/../lib/gcc/arm-none-eabi/10.3.1/../../../../arm-none-eabi/lib/thumb/v6-m/nofp\libnosys.a
END GROUP
START GROUP
LOAD c:/st/stm32cubeide_1.10.1/stm32cubeide/plugins/com.st.stm32cube.ide.mcu.externaltools.gnu-tools-for-stm32.10.3-2021.10.win32_1.0.200.202301161003/tools/bin/../lib/gcc/arm-none-eabi/10.3.1/thumb/v6-m/nofp\libgcc.a
LOAD c:/st/stm32cubeide_1.10.1/stm32cubeide/plugins/com.st.stm32cube.ide.mcu.externaltools.gnu-tools-for-stm32.10.3-2021.10.win32_1.0.200.202301161003/tools/bin/../lib/gcc/arm-none-eabi/10.3.1/../../../../arm-none-eabi/lib/thumb/v6-m/nofp\libc_nano.a
LOAD c:/st/stm32cubeide_1.10.1/stm32cubeide/plugins/com.st.stm32cube.ide.mcu.externaltools.gnu-tools-for-stm32.10.3-2021.10.win32_1.0.200.202301161003/tools/bin/../lib/gcc/arm-none-eabi/10.3.1/../../../../arm-none-eabi/lib/thumb/v6-m/nofp\libnosys.a
END GROUP
LOAD c:/st/stm32cubeide_1.10.1/stm32cubeide/plugins/com.st.stm32cube.ide.mcu.externaltools.gnu-tools-for-stm32.10.3-2021.10.win32_1.0.200.202301161003/tools/bin/../lib/gcc/arm-none-eabi/10.3.1/thumb/v6-m/nofp/crtend.o
LOAD c:/st/stm32cubeide_1.10.1/stm32cubeide/plugins/com.st.stm32cube.ide.mcu.externaltools.gnu-tools-for-stm32.10.3-2021.10.win32_1.0.200.202301161003/tools/bin/../lib/gcc/arm-none-eabi/10.3.1/thumb/v6-m/nofp/crtn.o
                0x0000000020008000                _estack = (ORIGIN (RAM) + LENGTH (RAM))
                0x0000000000000200                _Min_Heap_Size = 0x200
                0x0000000000000400                _Min_Stack_Size = 0x400

.isr_vector     0x0000000008008000       0xbc
                0x0000000008008000                . = ALIGN (0x4)
 *(.isr_vector)
 .isr_vector    0x0000000008008000       0xbc ./Core/Startup/startup_stm32f091rctx.o
                0x0000000008008000                g_pfnVectors
                0x00000000080080bc                . = ALIGN (0x4)

.text           0x00000000080080bc     0x8cb4
                0x00000000080080bc                . = ALIGN (0x4)
 *(.text)
 .text          0x00000000080080bc       0x48 c:/st/stm32cubeide_1.10.1/stm32cubeide/plugins/com.st.stm32cube.ide.mcu.externaltools.gnu-tools-for-stm32.10.3-2021.10.win32_1.0.200.202301161003/tools/bin/../lib/gcc/arm-none-eabi/10.3.1/thumb/v6-m/nofp/crtbegin.o
 .text          0x0000000008008104      0x114 c:/st/stm32cubeide_1.10.1/stm32cubeide/plugins/com.st.stm32cube.ide.mcu.externaltools.gnu-tools-for-stm32.10.3-2021.10.win32_1.0.200.202301161003/tools/bin/../lib/gcc/arm-none-eabi/10.3.1/thumb/v6-m/nofp\libgcc.a(_udivsi3.o)
                0x0000000008008104                __aeabi_uidiv
                0x0000000008008104                __udivsi3
                0x0000000008008210                __aeabi_uidivmod
 .text          0x0000000008008218        0x4 c:/st/stm32cubeide_1.10.1/stm32cubeide/plugins/com.st.stm32cube.ide.mcu.externaltools.gnu-tools-for-stm32.10.3-2021.10.win32_1.0.200.202301161003/tools/bin/../lib/gcc/arm-none-eabi/10.3.1/thumb/v6-m/nofp\libgcc.a(_dvmd_tls.o)
                0x0000000008008218                __aeabi_idiv0
                0x0000000008008218                __aeabi_ldiv0
 .text          0x000000000800821c       0x7c c:/st/stm32cubeide_1.10.1/stm32cubeide/plugins/com.st.stm32cube.ide.mcu.externaltools.gnu-tools-for-stm32.10.3-2021.10.win32_1.0.200.202301161003/tools/bin/../lib/gcc/arm-none-eabi/10.3.1/thumb/v6-m/nofp\libgcc.a(_arm_cmpdf2.o)
                0x000000000800821c                __aeabi_cdrcmple
                0x000000000800822c                __aeabi_cdcmple
                0x000000000800822c                __aeabi_cdcmpeq
                0x000000000800823c                __aeabi_dcmpeq
                0x0000000008008248                __aeabi_dcmplt
                0x000000000800825c                __aeabi_dcmple
                0x0000000008008270                __aeabi_dcmpgt
                0x0000000008008284                __aeabi_dcmpge
 .text          0x0000000008008298       0x74 c:/st/stm32cubeide_1.10.1/stm32cubeide/plugins/com.st.stm32cube.ide.mcu.externaltools.gnu-tools-for-stm32.10.3-2021.10.win32_1.0.200.202301161003/tools/bin/../lib/gcc/arm-none-eabi/10.3.1/thumb/v6-m/nofp\libgcc.a(_arm_cmpsf2.o)
                0x0000000008008298                __aeabi_cfrcmple
                0x00000000080082a0                __aeabi_cfcmpeq
                0x00000000080082a0                __aeabi_cfcmple
                0x00000000080082b0                __aeabi_fcmpeq
                0x00000000080082bc                __aeabi_fcmplt
                0x00000000080082d0                __aeabi_fcmple
                0x00000000080082e4                __aeabi_fcmpgt
                0x00000000080082f8                __aeabi_fcmpge
 .text          0x000000000800830c       0x30 c:/st/stm32cubeide_1.10.1/stm32cubeide/plugins/com.st.stm32cube.ide.mcu.externaltools.gnu-tools-for-stm32.10.3-2021.10.win32_1.0.200.202301161003/tools/bin/../lib/gcc/arm-none-eabi/10.3.1/thumb/v6-m/nofp\libgcc.a(_fixunssfsi.o)
                0x000000000800830c                __fixunssfsi
                0x000000000800830c                __aeabi_f2uiz
 .text          0x000000000800833c       0x3c c:/st/stm32cubeide_1.10.1/stm32cubeide/plugins/com.st.stm32cube.ide.mcu.externaltools.gnu-tools-for-stm32.10.3-2021.10.win32_1.0.200.202301161003/tools/bin/../lib/gcc/arm-none-eabi/10.3.1/thumb/v6-m/nofp\libgcc.a(_fixunsdfsi.o)
                0x000000000800833c                __aeabi_d2uiz
                0x000000000800833c                __fixunsdfsi
 .text          0x0000000008008378      0x33c c:/st/stm32cubeide_1.10.1/stm32cubeide/plugins/com.st.stm32cube.ide.mcu.externaltools.gnu-tools-for-stm32.10.3-2021.10.win32_1.0.200.202301161003/tools/bin/../lib/gcc/arm-none-eabi/10.3.1/thumb/v6-m/nofp\libgcc.a(addsf3.o)
                0x0000000008008378                __aeabi_fadd
 .text          0x00000000080086b4      0x230 c:/st/stm32cubeide_1.10.1/stm32cubeide/plugins/com.st.stm32cube.ide.mcu.externaltools.gnu-tools-for-stm32.10.3-2021.10.win32_1.0.200.202301161003/tools/bin/../lib/gcc/arm-none-eabi/10.3.1/thumb/v6-m/nofp\libgcc.a(divsf3.o)
                0x00000000080086b4                __aeabi_fdiv
 .text          0x00000000080088e4       0x4c c:/st/stm32cubeide_1.10.1/stm32cubeide/plugins/com.st.stm32cube.ide.mcu.externaltools.gnu-tools-for-stm32.10.3-2021.10.win32_1.0.200.202301161003/tools/bin/../lib/gcc/arm-none-eabi/10.3.1/thumb/v6-m/nofp\libgcc.a(eqsf2.o)
                0x00000000080088e4                __eqsf2
                0x00000000080088e4                __nesf2
 .text          0x0000000008008930       0x8c c:/st/stm32cubeide_1.10.1/stm32cubeide/plugins/com.st.stm32cube.ide.mcu.externaltools.gnu-tools-for-stm32.10.3-2021.10.win32_1.0.200.202301161003/tools/bin/../lib/gcc/arm-none-eabi/10.3.1/thumb/v6-m/nofp\libgcc.a(gesf2.o)
                0x0000000008008930                __gesf2
                0x0000000008008930                __gtsf2
 .text          0x00000000080089bc       0x88 c:/st/stm32cubeide_1.10.1/stm32cubeide/plugins/com.st.stm32cube.ide.mcu.externaltools.gnu-tools-for-stm32.10.3-2021.10.win32_1.0.200.202301161003/tools/bin/../lib/gcc/arm-none-eabi/10.3.1/thumb/v6-m/nofp\libgcc.a(lesf2.o)
                0x00000000080089bc                __ltsf2
                0x00000000080089bc                __lesf2
 .text          0x0000000008008a44      0x24c c:/st/stm32cubeide_1.10.1/stm32cubeide/plugins/com.st.stm32cube.ide.mcu.externaltools.gnu-tools-for-stm32.10.3-2021.10.win32_1.0.200.202301161003/tools/bin/../lib/gcc/arm-none-eabi/10.3.1/thumb/v6-m/nofp\libgcc.a(mulsf3.o)
                0x0000000008008a44                __aeabi_fmul
 .text          0x0000000008008c90      0x35c c:/st/stm32cubeide_1.10.1/stm32cubeide/plugins/com.st.stm32cube.ide.mcu.externaltools.gnu-tools-for-stm32.10.3-2021.10.win32_1.0.200.202301161003/tools/bin/../lib/gcc/arm-none-eabi/10.3.1/thumb/v6-m/nofp\libgcc.a(subsf3.o)
                0x0000000008008c90                __aeabi_fsub
 .text          0x0000000008008fec       0x40 c:/st/stm32cubeide_1.10.1/stm32cubeide/plugins/com.st.stm32cube.ide.mcu.externaltools.gnu-tools-for-stm32.10.3-2021.10.win32_1.0.200.202301161003/tools/bin/../lib/gcc/arm-none-eabi/10.3.1/thumb/v6-m/nofp\libgcc.a(fixsfsi.o)
                0x0000000008008fec                __aeabi_f2iz
 .text          0x000000000800902c       0x9c c:/st/stm32cubeide_1.10.1/stm32cubeide/plugins/com.st.stm32cube.ide.mcu.externaltools.gnu-tools-for-stm32.10.3-2021.10.win32_1.0.200.202301161003/tools/bin/../lib/gcc/arm-none-eabi/10.3.1/thumb/v6-m/nofp\libgcc.a(floatsisf.o)
                0x000000000800902c                __aeabi_i2f
 .text          0x00000000080090c8       0x84 c:/st/stm32cubeide_1.10.1/stm32cubeide/plugins/com.st.stm32cube.ide.mcu.externaltools.gnu-tools-for-stm32.10.3-2021.10.win32_1.0.200.202301161003/tools/bin/../lib/gcc/arm-none-eabi/10.3.1/thumb/v6-m/nofp\libgcc.a(floatunsisf.o)
                0x00000000080090c8                __aeabi_ui2f
 .text          0x000000000800914c      0x678 c:/st/stm32cubeide_1.10.1/stm32cubeide/plugins/com.st.stm32cube.ide.mcu.externaltools.gnu-tools-for-stm32.10.3-2021.10.win32_1.0.200.202301161003/tools/bin/../lib/gcc/arm-none-eabi/10.3.1/thumb/v6-m/nofp\libgcc.a(adddf3.o)
                0x000000000800914c                __aeabi_dadd
 .text          0x00000000080097c4      0x5ec c:/st/stm32cubeide_1.10.1/stm32cubeide/plugins/com.st.stm32cube.ide.mcu.externaltools.gnu-tools-for-stm32.10.3-2021.10.win32_1.0.200.202301161003/tools/bin/../lib/gcc/arm-none-eabi/10.3.1/thumb/v6-m/nofp\libgcc.a(divdf3.o)
                0x00000000080097c4                __aeabi_ddiv
 .text          0x0000000008009db0       0x84 c:/st/stm32cubeide_1.10.1/stm32cubeide/plugins/com.st.stm32cube.ide.mcu.externaltools.gnu-tools-for-stm32.10.3-2021.10.win32_1.0.200.202301161003/tools/bin/../lib/gcc/arm-none-eabi/10.3.1/thumb/v6-m/nofp\libgcc.a(eqdf2.o)
                0x0000000008009db0                __nedf2
                0x0000000008009db0                __eqdf2
 .text          0x0000000008009e34       0xcc c:/st/stm32cubeide_1.10.1/stm32cubeide/plugins/com.st.stm32cube.ide.mcu.externaltools.gnu-tools-for-stm32.10.3-2021.10.win32_1.0.200.202301161003/tools/bin/../lib/gcc/arm-none-eabi/10.3.1/thumb/v6-m/nofp\libgcc.a(gedf2.o)
                0x0000000008009e34                __gedf2
                0x0000000008009e34                __gtdf2
 .text          0x0000000008009f00       0xc8 c:/st/stm32cubeide_1.10.1/stm32cubeide/plugins/com.st.stm32cube.ide.mcu.externaltools.gnu-tools-for-stm32.10.3-2021.10.win32_1.0.200.202301161003/tools/bin/../lib/gcc/arm-none-eabi/10.3.1/thumb/v6-m/nofp\libgcc.a(ledf2.o)
                0x0000000008009f00                __ledf2
                0x0000000008009f00                __ltdf2
 .text          0x0000000008009fc8      0x4d8 c:/st/stm32cubeide_1.10.1/stm32cubeide/plugins/com.st.stm32cube.ide.mcu.externaltools.gnu-tools-for-stm32.10.3-2021.10.win32_1.0.200.202301161003/tools/bin/../lib/gcc/arm-none-eabi/10.3.1/thumb/v6-m/nofp\libgcc.a(muldf3.o)
                0x0000000008009fc8                __aeabi_dmul
 .text          0x000000000800a4a0      0x724 c:/st/stm32cubeide_1.10.1/stm32cubeide/plugins/com.st.stm32cube.ide.mcu.externaltools.gnu-tools-for-stm32.10.3-2021.10.win32_1.0.200.202301161003/tools/bin/../lib/gcc/arm-none-eabi/10.3.1/thumb/v6-m/nofp\libgcc.a(subdf3.o)
                0x000000000800a4a0                __aeabi_dsub
 .text          0x000000000800abc4       0x3c c:/st/stm32cubeide_1.10.1/stm32cubeide/plugins/com.st.stm32cube.ide.mcu.externaltools.gnu-tools-for-stm32.10.3-2021.10.win32_1.0.200.202301161003/tools/bin/../lib/gcc/arm-none-eabi/10.3.1/thumb/v6-m/nofp\libgcc.a(unorddf2.o)
                0x000000000800abc4                __aeabi_dcmpun
 .text          0x000000000800ac00       0x6c c:/st/stm32cubeide_1.10.1/stm32cubeide/plugins/com.st.stm32cube.ide.mcu.externaltools.gnu-tools-for-stm32.10.3-2021.10.win32_1.0.200.202301161003/tools/bin/../lib/gcc/arm-none-eabi/10.3.1/thumb/v6-m/nofp\libgcc.a(fixdfsi.o)
                0x000000000800ac00                __aeabi_d2iz
 .text          0x000000000800ac6c       0x60 c:/st/stm32cubeide_1.10.1/stm32cubeide/plugins/com.st.stm32cube.ide.mcu.externaltools.gnu-tools-for-stm32.10.3-2021.10.win32_1.0.200.202301161003/tools/bin/../lib/gcc/arm-none-eabi/10.3.1/thumb/v6-m/nofp\libgcc.a(floatsidf.o)
                0x000000000800ac6c                __aeabi_i2d
 .text          0x000000000800accc       0x4c c:/st/stm32cubeide_1.10.1/stm32cubeide/plugins/com.st.stm32cube.ide.mcu.externaltools.gnu-tools-for-stm32.10.3-2021.10.win32_1.0.200.202301161003/tools/bin/../lib/gcc/arm-none-eabi/10.3.1/thumb/v6-m/nofp\libgcc.a(floatunsidf.o)
                0x000000000800accc                __aeabi_ui2d
 .text          0x000000000800ad18      0x110 c:/st/stm32cubeide_1.10.1/stm32cubeide/plugins/com.st.stm32cube.ide.mcu.externaltools.gnu-tools-for-stm32.10.3-2021.10.win32_1.0.200.202301161003/tools/bin/../lib/gcc/arm-none-eabi/10.3.1/thumb/v6-m/nofp\libgcc.a(truncdfsf2.o)
                0x000000000800ad18                __aeabi_d2f
 .text          0x000000000800ae28       0x3c c:/st/stm32cubeide_1.10.1/stm32cubeide/plugins/com.st.stm32cube.ide.mcu.externaltools.gnu-tools-for-stm32.10.3-2021.10.win32_1.0.200.202301161003/tools/bin/../lib/gcc/arm-none-eabi/10.3.1/thumb/v6-m/nofp\libgcc.a(_clzsi2.o)
                0x000000000800ae28                __clzsi2
 *(.text*)
 .text.can1_mcu_set_ccu_cooling_points_decode
                0x000000000800ae64      0x2d0 ./Core/CAN/can_can1.o
                0x000000000800ae64                can1_mcu_set_ccu_cooling_points_decode
 .text.can1_ccu_status_1_encode
                0x000000000800b134      0x234 ./Core/CAN/can_can1.o
                0x000000000800b134                can1_ccu_status_1_encode
 .text.can1_ccu_status_2_encode
                0x000000000800b368      0x188 ./Core/CAN/can_can1.o
                0x000000000800b368                can1_ccu_status_2_encode
 .text.HAL_CAN_RxFifo0MsgPendingCallback
                0x000000000800b4f0       0x24 ./Core/CAN/can_hal_callbacks.o
                0x000000000800b4f0                HAL_CAN_RxFifo0MsgPendingCallback
 .text.HAL_CAN_RxFifo1MsgPendingCallback
                0x000000000800b514       0x24 ./Core/CAN/can_hal_callbacks.o
                0x000000000800b514                HAL_CAN_RxFifo1MsgPendingCallback
 .text.receive_callback_can_hal_can1
                0x000000000800b538       0x50 ./Core/CAN/can_hal_can1.o
                0x000000000800b538                receive_callback_can_hal_can1
 .text.can1_ccu_status_1_transmit
                0x000000000800b588       0xfc ./Core/CAN/can_hal_can1.o
                0x000000000800b588                can1_ccu_status_1_transmit
 .text.can1_ccu_status_2_transmit
                0x000000000800b684       0x80 ./Core/CAN/can_hal_can1.o
                0x000000000800b684                can1_ccu_status_2_transmit
 .text.init_peripheral_can_hal_can1
                0x000000000800b704       0x58 ./Core/CAN/can_hal_can1.o
                0x000000000800b704                init_peripheral_can_hal_can1
 .text.init_filter_can_hal_can1
                0x000000000800b75c       0x94 ./Core/CAN/can_hal_can1.o
                0x000000000800b75c                init_filter_can_hal_can1
 .text.MX_ADC_Init
                0x000000000800b7f0      0x11c ./Core/Src/adc.o
                0x000000000800b7f0                MX_ADC_Init
 .text.HAL_ADC_MspInit
                0x000000000800b90c      0x158 ./Core/Src/adc.o
                0x000000000800b90c                HAL_ADC_MspInit
 .text.MX_CAN_Init
                0x000000000800ba64       0x6c ./Core/Src/can.o
                0x000000000800ba64                MX_CAN_Init
 .text.HAL_CAN_MspInit
                0x000000000800bad0       0xac ./Core/Src/can.o
                0x000000000800bad0                HAL_CAN_MspInit
 .text.MX_DMA_Init
                0x000000000800bb7c       0x3c ./Core/Src/dma.o
                0x000000000800bb7c                MX_DMA_Init
 .text.MX_GPIO_Init
                0x000000000800bbb8       0xb0 ./Core/Src/gpio.o
                0x000000000800bbb8                MX_GPIO_Init
 .text.can1_ccu_status_1_transmit_callback
                0x000000000800bc68       0x44 ./Core/Src/main.o
                0x000000000800bc68                can1_ccu_status_1_transmit_callback
 .text.can1_ccu_status_2_transmit_callback
                0x000000000800bcac       0x10 ./Core/Src/main.o
                0x000000000800bcac                can1_ccu_status_2_transmit_callback
 .text.set_duty_cycle
                0x000000000800bcbc      0x1ac ./Core/Src/main.o
                0x000000000800bcbc                set_duty_cycle
 .text.can1_mcu_set_ccu_cooling_points_receive_callback
                0x000000000800be68       0x58 ./Core/Src/main.o
                0x000000000800be68                can1_mcu_set_ccu_cooling_points_receive_callback
 .text.temperature_from_thermistor
                0x000000000800bec0       0xd8 ./Core/Src/main.o
                0x000000000800bec0                temperature_from_thermistor
 .text.HAL_ADC_ConvCpltCallback
                0x000000000800bf98       0x1c ./Core/Src/main.o
                0x000000000800bf98                HAL_ADC_ConvCpltCallback
 .text.set_sample_frequency
                0x000000000800bfb4       0x80 ./Core/Src/main.o
                0x000000000800bfb4                set_sample_frequency
 .text.set_cooling_frequency
                0x000000000800c034       0x94 ./Core/Src/main.o
                0x000000000800c034                set_cooling_frequency
 .text.initialize_timers
                0x000000000800c0c8       0xb4 ./Core/Src/main.o
                0x000000000800c0c8                initialize_timers
 .text.main     0x000000000800c17c      0x160 ./Core/Src/main.o
                0x000000000800c17c                main
 .text.SystemClock_Config
                0x000000000800c2dc       0x8c ./Core/Src/main.o
                0x000000000800c2dc                SystemClock_Config
 .text.Error_Handler
                0x000000000800c368        0xa ./Core/Src/main.o
                0x000000000800c368                Error_Handler
 *fill*         0x000000000800c372        0x2 
 .text.HAL_MspInit
                0x000000000800c374       0x58 ./Core/Src/stm32f0xx_hal_msp.o
                0x000000000800c374                HAL_MspInit
 .text.NMI_Handler
                0x000000000800c3cc        0xa ./Core/Src/stm32f0xx_it.o
                0x000000000800c3cc                NMI_Handler
 .text.HardFault_Handler
                0x000000000800c3d6        0x6 ./Core/Src/stm32f0xx_it.o
                0x000000000800c3d6                HardFault_Handler
 .text.SVC_Handler
                0x000000000800c3dc        0xa ./Core/Src/stm32f0xx_it.o
                0x000000000800c3dc                SVC_Handler
 .text.PendSV_Handler
                0x000000000800c3e6        0xa ./Core/Src/stm32f0xx_it.o
                0x000000000800c3e6                PendSV_Handler
 .text.SysTick_Handler
                0x000000000800c3f0        0xe ./Core/Src/stm32f0xx_it.o
                0x000000000800c3f0                SysTick_Handler
 .text.RCC_CRS_IRQHandler
                0x000000000800c3fe        0xa ./Core/Src/stm32f0xx_it.o
                0x000000000800c3fe                RCC_CRS_IRQHandler
 .text.DMA1_Ch1_IRQHandler
                0x000000000800c408       0x18 ./Core/Src/stm32f0xx_it.o
                0x000000000800c408                DMA1_Ch1_IRQHandler
 .text.ADC1_COMP_IRQHandler
                0x000000000800c420       0x18 ./Core/Src/stm32f0xx_it.o
                0x000000000800c420                ADC1_COMP_IRQHandler
 .text.TIM1_BRK_UP_TRG_COM_IRQHandler
                0x000000000800c438       0x18 ./Core/Src/stm32f0xx_it.o
                0x000000000800c438                TIM1_BRK_UP_TRG_COM_IRQHandler
 .text.TIM1_CC_IRQHandler
                0x000000000800c450       0x18 ./Core/Src/stm32f0xx_it.o
                0x000000000800c450                TIM1_CC_IRQHandler
 .text.TIM2_IRQHandler
                0x000000000800c468       0x18 ./Core/Src/stm32f0xx_it.o
                0x000000000800c468                TIM2_IRQHandler
 .text.TIM3_IRQHandler
                0x000000000800c480       0x18 ./Core/Src/stm32f0xx_it.o
                0x000000000800c480                TIM3_IRQHandler
 .text.TIM7_IRQHandler
                0x000000000800c498       0x18 ./Core/Src/stm32f0xx_it.o
                0x000000000800c498                TIM7_IRQHandler
 .text.TIM15_IRQHandler
                0x000000000800c4b0       0x18 ./Core/Src/stm32f0xx_it.o
                0x000000000800c4b0                TIM15_IRQHandler
 .text.CEC_CAN_IRQHandler
                0x000000000800c4c8       0x18 ./Core/Src/stm32f0xx_it.o
                0x000000000800c4c8                CEC_CAN_IRQHandler
 .text.SystemInit
                0x000000000800c4e0        0xa ./Core/Src/system_stm32f0xx.o
                0x000000000800c4e0                SystemInit
 *fill*         0x000000000800c4ea        0x2 
 .text.MX_TIM1_Init
                0x000000000800c4ec       0xb0 ./Core/Src/tim.o
                0x000000000800c4ec                MX_TIM1_Init
 .text.MX_TIM2_Init
                0x000000000800c59c       0xa8 ./Core/Src/tim.o
                0x000000000800c59c                MX_TIM2_Init
 .text.MX_TIM3_Init
                0x000000000800c644      0x138 ./Core/Src/tim.o
                0x000000000800c644                MX_TIM3_Init
 .text.MX_TIM7_Init
                0x000000000800c77c       0x78 ./Core/Src/tim.o
                0x000000000800c77c                MX_TIM7_Init
 .text.MX_TIM15_Init
                0x000000000800c7f4      0x17c ./Core/Src/tim.o
                0x000000000800c7f4                MX_TIM15_Init
 .text.HAL_TIM_Base_MspInit
                0x000000000800c970      0x140 ./Core/Src/tim.o
                0x000000000800c970                HAL_TIM_Base_MspInit
 .text.HAL_TIM_MspPostInit
                0x000000000800cab0       0xe0 ./Core/Src/tim.o
                0x000000000800cab0                HAL_TIM_MspPostInit
 .text.Reset_Handler
                0x000000000800cb90       0x50 ./Core/Startup/startup_stm32f091rctx.o
                0x000000000800cb90                Reset_Handler
 .text.Default_Handler
                0x000000000800cbe0        0x2 ./Core/Startup/startup_stm32f091rctx.o
                0x000000000800cbe0                TSC_IRQHandler
                0x000000000800cbe0                I2C1_IRQHandler
                0x000000000800cbe0                SPI1_IRQHandler
                0x000000000800cbe0                TIM6_DAC_IRQHandler
                0x000000000800cbe0                EXTI2_3_IRQHandler
                0x000000000800cbe0                I2C2_IRQHandler
                0x000000000800cbe0                TIM17_IRQHandler
                0x000000000800cbe0                RTC_IRQHandler
                0x000000000800cbe0                PVD_VDDIO2_IRQHandler
                0x000000000800cbe0                TIM16_IRQHandler
                0x000000000800cbe0                EXTI4_15_IRQHandler
                0x000000000800cbe0                USART3_8_IRQHandler
                0x000000000800cbe0                Default_Handler
                0x000000000800cbe0                TIM14_IRQHandler
                0x000000000800cbe0                EXTI0_1_IRQHandler
                0x000000000800cbe0                SPI2_IRQHandler
                0x000000000800cbe0                DMA1_Ch2_3_DMA2_Ch1_2_IRQHandler
                0x000000000800cbe0                DMA1_Ch4_7_DMA2_Ch3_5_IRQHandler
                0x000000000800cbe0                WWDG_IRQHandler
                0x000000000800cbe0                USART2_IRQHandler
                0x000000000800cbe0                FLASH_IRQHandler
                0x000000000800cbe0                USART1_IRQHandler
 *fill*         0x000000000800cbe2        0x2 
 .text.HAL_Init
                0x000000000800cbe4       0x28 ./Drivers/STM32F0xx_HAL_Driver/Src/stm32f0xx_hal.o
                0x000000000800cbe4                HAL_Init
 .text.HAL_InitTick
                0x000000000800cc0c       0x68 ./Drivers/STM32F0xx_HAL_Driver/Src/stm32f0xx_hal.o
                0x000000000800cc0c                HAL_InitTick
 .text.HAL_IncTick
                0x000000000800cc74       0x24 ./Drivers/STM32F0xx_HAL_Driver/Src/stm32f0xx_hal.o
                0x000000000800cc74                HAL_IncTick
 .text.HAL_GetTick
                0x000000000800cc98       0x14 ./Drivers/STM32F0xx_HAL_Driver/Src/stm32f0xx_hal.o
                0x000000000800cc98                HAL_GetTick
 .text.HAL_Delay
                0x000000000800ccac       0x48 ./Drivers/STM32F0xx_HAL_Driver/Src/stm32f0xx_hal.o
                0x000000000800ccac                HAL_Delay
 .text.HAL_ADC_Init
                0x000000000800ccf4      0x280 ./Drivers/STM32F0xx_HAL_Driver/Src/stm32f0xx_hal_adc.o
                0x000000000800ccf4                HAL_ADC_Init
 .text.HAL_ADC_Start_DMA
                0x000000000800cf74      0x104 ./Drivers/STM32F0xx_HAL_Driver/Src/stm32f0xx_hal_adc.o
                0x000000000800cf74                HAL_ADC_Start_DMA
 .text.HAL_ADC_IRQHandler
                0x000000000800d078      0x170 ./Drivers/STM32F0xx_HAL_Driver/Src/stm32f0xx_hal_adc.o
                0x000000000800d078                HAL_ADC_IRQHandler
 .text.HAL_ADC_ConvHalfCpltCallback
                0x000000000800d1e8       0x10 ./Drivers/STM32F0xx_HAL_Driver/Src/stm32f0xx_hal_adc.o
                0x000000000800d1e8                HAL_ADC_ConvHalfCpltCallback
 .text.HAL_ADC_LevelOutOfWindowCallback
                0x000000000800d1f8       0x10 ./Drivers/STM32F0xx_HAL_Driver/Src/stm32f0xx_hal_adc.o
                0x000000000800d1f8                HAL_ADC_LevelOutOfWindowCallback
 .text.HAL_ADC_ErrorCallback
                0x000000000800d208       0x10 ./Drivers/STM32F0xx_HAL_Driver/Src/stm32f0xx_hal_adc.o
                0x000000000800d208                HAL_ADC_ErrorCallback
 .text.HAL_ADC_ConfigChannel
                0x000000000800d218      0x21c ./Drivers/STM32F0xx_HAL_Driver/Src/stm32f0xx_hal_adc.o
                0x000000000800d218                HAL_ADC_ConfigChannel
 .text.ADC_Enable
                0x000000000800d434      0x108 ./Drivers/STM32F0xx_HAL_Driver/Src/stm32f0xx_hal_adc.o
 .text.ADC_DMAConvCplt
                0x000000000800d53c       0xb4 ./Drivers/STM32F0xx_HAL_Driver/Src/stm32f0xx_hal_adc.o
 .text.ADC_DMAHalfConvCplt
                0x000000000800d5f0       0x1e ./Drivers/STM32F0xx_HAL_Driver/Src/stm32f0xx_hal_adc.o
 .text.ADC_DMAError
                0x000000000800d60e       0x36 ./Drivers/STM32F0xx_HAL_Driver/Src/stm32f0xx_hal_adc.o
 .text.HAL_CAN_Init
                0x000000000800d644      0x1fc ./Drivers/STM32F0xx_HAL_Driver/Src/stm32f0xx_hal_can.o
                0x000000000800d644                HAL_CAN_Init
 .text.HAL_CAN_ConfigFilter
                0x000000000800d840      0x1e4 ./Drivers/STM32F0xx_HAL_Driver/Src/stm32f0xx_hal_can.o
                0x000000000800d840                HAL_CAN_ConfigFilter
 .text.HAL_CAN_Start
                0x000000000800da24       0x8c ./Drivers/STM32F0xx_HAL_Driver/Src/stm32f0xx_hal_can.o
                0x000000000800da24                HAL_CAN_Start
 .text.HAL_CAN_WakeUp
                0x000000000800dab0       0x8c ./Drivers/STM32F0xx_HAL_Driver/Src/stm32f0xx_hal_can.o
                0x000000000800dab0                HAL_CAN_WakeUp
 .text.HAL_CAN_AddTxMessage
                0x000000000800db3c      0x1bc ./Drivers/STM32F0xx_HAL_Driver/Src/stm32f0xx_hal_can.o
                0x000000000800db3c                HAL_CAN_AddTxMessage
 .text.HAL_CAN_GetTxMailboxesFreeLevel
                0x000000000800dcf8       0x70 ./Drivers/STM32F0xx_HAL_Driver/Src/stm32f0xx_hal_can.o
                0x000000000800dcf8                HAL_CAN_GetTxMailboxesFreeLevel
 .text.HAL_CAN_GetRxMessage
                0x000000000800dd68      0x238 ./Drivers/STM32F0xx_HAL_Driver/Src/stm32f0xx_hal_can.o
                0x000000000800dd68                HAL_CAN_GetRxMessage
 .text.HAL_CAN_ActivateNotification
                0x000000000800dfa0       0x54 ./Drivers/STM32F0xx_HAL_Driver/Src/stm32f0xx_hal_can.o
                0x000000000800dfa0                HAL_CAN_ActivateNotification
 .text.HAL_CAN_IRQHandler
                0x000000000800dff4      0x368 ./Drivers/STM32F0xx_HAL_Driver/Src/stm32f0xx_hal_can.o
                0x000000000800dff4                HAL_CAN_IRQHandler
 .text.HAL_CAN_TxMailbox0CompleteCallback
                0x000000000800e35c       0x10 ./Drivers/STM32F0xx_HAL_Driver/Src/stm32f0xx_hal_can.o
                0x000000000800e35c                HAL_CAN_TxMailbox0CompleteCallback
 .text.HAL_CAN_TxMailbox1CompleteCallback
                0x000000000800e36c       0x10 ./Drivers/STM32F0xx_HAL_Driver/Src/stm32f0xx_hal_can.o
                0x000000000800e36c                HAL_CAN_TxMailbox1CompleteCallback
 .text.HAL_CAN_TxMailbox2CompleteCallback
                0x000000000800e37c       0x10 ./Drivers/STM32F0xx_HAL_Driver/Src/stm32f0xx_hal_can.o
                0x000000000800e37c                HAL_CAN_TxMailbox2CompleteCallback
 .text.HAL_CAN_TxMailbox0AbortCallback
                0x000000000800e38c       0x10 ./Drivers/STM32F0xx_HAL_Driver/Src/stm32f0xx_hal_can.o
                0x000000000800e38c                HAL_CAN_TxMailbox0AbortCallback
 .text.HAL_CAN_TxMailbox1AbortCallback
                0x000000000800e39c       0x10 ./Drivers/STM32F0xx_HAL_Driver/Src/stm32f0xx_hal_can.o
                0x000000000800e39c                HAL_CAN_TxMailbox1AbortCallback
 .text.HAL_CAN_TxMailbox2AbortCallback
                0x000000000800e3ac       0x10 ./Drivers/STM32F0xx_HAL_Driver/Src/stm32f0xx_hal_can.o
                0x000000000800e3ac                HAL_CAN_TxMailbox2AbortCallback
 .text.HAL_CAN_RxFifo0FullCallback
                0x000000000800e3bc       0x10 ./Drivers/STM32F0xx_HAL_Driver/Src/stm32f0xx_hal_can.o
                0x000000000800e3bc                HAL_CAN_RxFifo0FullCallback
 .text.HAL_CAN_RxFifo1FullCallback
                0x000000000800e3cc       0x10 ./Drivers/STM32F0xx_HAL_Driver/Src/stm32f0xx_hal_can.o
                0x000000000800e3cc                HAL_CAN_RxFifo1FullCallback
 .text.HAL_CAN_SleepCallback
                0x000000000800e3dc       0x10 ./Drivers/STM32F0xx_HAL_Driver/Src/stm32f0xx_hal_can.o
                0x000000000800e3dc                HAL_CAN_SleepCallback
 .text.HAL_CAN_WakeUpFromRxMsgCallback
                0x000000000800e3ec       0x10 ./Drivers/STM32F0xx_HAL_Driver/Src/stm32f0xx_hal_can.o
                0x000000000800e3ec                HAL_CAN_WakeUpFromRxMsgCallback
 .text.HAL_CAN_ErrorCallback
                0x000000000800e3fc       0x10 ./Drivers/STM32F0xx_HAL_Driver/Src/stm32f0xx_hal_can.o
                0x000000000800e3fc                HAL_CAN_ErrorCallback
 .text.__NVIC_EnableIRQ
                0x000000000800e40c       0x34 ./Drivers/STM32F0xx_HAL_Driver/Src/stm32f0xx_hal_cortex.o
 .text.__NVIC_SetPriority
                0x000000000800e440       0xdc ./Drivers/STM32F0xx_HAL_Driver/Src/stm32f0xx_hal_cortex.o
 .text.SysTick_Config
                0x000000000800e51c       0x48 ./Drivers/STM32F0xx_HAL_Driver/Src/stm32f0xx_hal_cortex.o
 .text.HAL_NVIC_SetPriority
                0x000000000800e564       0x2a ./Drivers/STM32F0xx_HAL_Driver/Src/stm32f0xx_hal_cortex.o
                0x000000000800e564                HAL_NVIC_SetPriority
 .text.HAL_NVIC_EnableIRQ
                0x000000000800e58e       0x20 ./Drivers/STM32F0xx_HAL_Driver/Src/stm32f0xx_hal_cortex.o
                0x000000000800e58e                HAL_NVIC_EnableIRQ
 .text.HAL_SYSTICK_Config
                0x000000000800e5ae       0x1a ./Drivers/STM32F0xx_HAL_Driver/Src/stm32f0xx_hal_cortex.o
                0x000000000800e5ae                HAL_SYSTICK_Config
 .text.HAL_DMA_Init
                0x000000000800e5c8       0x90 ./Drivers/STM32F0xx_HAL_Driver/Src/stm32f0xx_hal_dma.o
                0x000000000800e5c8                HAL_DMA_Init
 .text.HAL_DMA_Start_IT
                0x000000000800e658       0xcc ./Drivers/STM32F0xx_HAL_Driver/Src/stm32f0xx_hal_dma.o
                0x000000000800e658                HAL_DMA_Start_IT
 .text.HAL_DMA_IRQHandler
                0x000000000800e724      0x144 ./Drivers/STM32F0xx_HAL_Driver/Src/stm32f0xx_hal_dma.o
                0x000000000800e724                HAL_DMA_IRQHandler
 .text.DMA_SetConfig
                0x000000000800e868       0x58 ./Drivers/STM32F0xx_HAL_Driver/Src/stm32f0xx_hal_dma.o
 .text.DMA_CalcBaseAndBitshift
                0x000000000800e8c0       0x74 ./Drivers/STM32F0xx_HAL_Driver/Src/stm32f0xx_hal_dma.o
 .text.HAL_GPIO_Init
                0x000000000800e934      0x2f0 ./Drivers/STM32F0xx_HAL_Driver/Src/stm32f0xx_hal_gpio.o
                0x000000000800e934                HAL_GPIO_Init
 .text.HAL_GPIO_WritePin
                0x000000000800ec24       0x3a ./Drivers/STM32F0xx_HAL_Driver/Src/stm32f0xx_hal_gpio.o
                0x000000000800ec24                HAL_GPIO_WritePin
 .text.HAL_GPIO_TogglePin
                0x000000000800ec5e       0x36 ./Drivers/STM32F0xx_HAL_Driver/Src/stm32f0xx_hal_gpio.o
                0x000000000800ec5e                HAL_GPIO_TogglePin
 .text.HAL_RCC_OscConfig
                0x000000000800ec94      0x70c ./Drivers/STM32F0xx_HAL_Driver/Src/stm32f0xx_hal_rcc.o
                0x000000000800ec94                HAL_RCC_OscConfig
 .text.HAL_RCC_ClockConfig
                0x000000000800f3a0      0x1b4 ./Drivers/STM32F0xx_HAL_Driver/Src/stm32f0xx_hal_rcc.o
                0x000000000800f3a0                HAL_RCC_ClockConfig
 .text.HAL_RCC_GetSysClockFreq
                0x000000000800f554      0x100 ./Drivers/STM32F0xx_HAL_Driver/Src/stm32f0xx_hal_rcc.o
                0x000000000800f554                HAL_RCC_GetSysClockFreq
 .text.HAL_TIM_Base_Init
                0x000000000800f654       0xa0 ./Drivers/STM32F0xx_HAL_Driver/Src/stm32f0xx_hal_tim.o
                0x000000000800f654                HAL_TIM_Base_Init
 .text.HAL_TIM_Base_Start
                0x000000000800f6f4       0x94 ./Drivers/STM32F0xx_HAL_Driver/Src/stm32f0xx_hal_tim.o
                0x000000000800f6f4                HAL_TIM_Base_Start
 .text.HAL_TIM_PWM_Init
                0x000000000800f788       0xa0 ./Drivers/STM32F0xx_HAL_Driver/Src/stm32f0xx_hal_tim.o
                0x000000000800f788                HAL_TIM_PWM_Init
 .text.HAL_TIM_PWM_MspInit
                0x000000000800f828       0x10 ./Drivers/STM32F0xx_HAL_Driver/Src/stm32f0xx_hal_tim.o
                0x000000000800f828                HAL_TIM_PWM_MspInit
 .text.HAL_TIM_PWM_Start
                0x000000000800f838      0x170 ./Drivers/STM32F0xx_HAL_Driver/Src/stm32f0xx_hal_tim.o
                0x000000000800f838                HAL_TIM_PWM_Start
 .text.HAL_TIM_IRQHandler
                0x000000000800f9a8      0x22c ./Drivers/STM32F0xx_HAL_Driver/Src/stm32f0xx_hal_tim.o
                0x000000000800f9a8                HAL_TIM_IRQHandler
 .text.HAL_TIM_PWM_ConfigChannel
                0x000000000800fbd4      0x18c ./Drivers/STM32F0xx_HAL_Driver/Src/stm32f0xx_hal_tim.o
                0x000000000800fbd4                HAL_TIM_PWM_ConfigChannel
 .text.HAL_TIM_ConfigClockSource
                0x000000000800fd60      0x1a8 ./Drivers/STM32F0xx_HAL_Driver/Src/stm32f0xx_hal_tim.o
                0x000000000800fd60                HAL_TIM_ConfigClockSource
 .text.HAL_TIM_PeriodElapsedCallback
                0x000000000800ff08       0x10 ./Drivers/STM32F0xx_HAL_Driver/Src/stm32f0xx_hal_tim.o
                0x000000000800ff08                HAL_TIM_PeriodElapsedCallback
 .text.HAL_TIM_OC_DelayElapsedCallback
                0x000000000800ff18       0x10 ./Drivers/STM32F0xx_HAL_Driver/Src/stm32f0xx_hal_tim.o
                0x000000000800ff18                HAL_TIM_OC_DelayElapsedCallback
 .text.HAL_TIM_IC_CaptureCallback
                0x000000000800ff28       0x10 ./Drivers/STM32F0xx_HAL_Driver/Src/stm32f0xx_hal_tim.o
                0x000000000800ff28                HAL_TIM_IC_CaptureCallback
 .text.HAL_TIM_PWM_PulseFinishedCallback
                0x000000000800ff38       0x10 ./Drivers/STM32F0xx_HAL_Driver/Src/stm32f0xx_hal_tim.o
                0x000000000800ff38                HAL_TIM_PWM_PulseFinishedCallback
 .text.HAL_TIM_TriggerCallback
                0x000000000800ff48       0x10 ./Drivers/STM32F0xx_HAL_Driver/Src/stm32f0xx_hal_tim.o
                0x000000000800ff48                HAL_TIM_TriggerCallback
 .text.TIM_Base_SetConfig
                0x000000000800ff58      0x100 ./Drivers/STM32F0xx_HAL_Driver/Src/stm32f0xx_hal_tim.o
                0x000000000800ff58                TIM_Base_SetConfig
 .text.TIM_OC1_SetConfig
                0x0000000008010058      0x110 ./Drivers/STM32F0xx_HAL_Driver/Src/stm32f0xx_hal_tim.o
 .text.TIM_OC2_SetConfig
                0x0000000008010168      0x108 ./Drivers/STM32F0xx_HAL_Driver/Src/stm32f0xx_hal_tim.o
                0x0000000008010168                TIM_OC2_SetConfig
 .text.TIM_OC3_SetConfig
                0x0000000008010270      0x10c ./Drivers/STM32F0xx_HAL_Driver/Src/stm32f0xx_hal_tim.o
 .text.TIM_OC4_SetConfig
                0x000000000801037c       0xd4 ./Drivers/STM32F0xx_HAL_Driver/Src/stm32f0xx_hal_tim.o
 .text.TIM_TI1_ConfigInputStage
                0x0000000008010450       0x5c ./Drivers/STM32F0xx_HAL_Driver/Src/stm32f0xx_hal_tim.o
 .text.TIM_TI2_ConfigInputStage
                0x00000000080104ac       0x64 ./Drivers/STM32F0xx_HAL_Driver/Src/stm32f0xx_hal_tim.o
 .text.TIM_ITRx_SetConfig
                0x0000000008010510       0x32 ./Drivers/STM32F0xx_HAL_Driver/Src/stm32f0xx_hal_tim.o
 *fill*         0x0000000008010542        0x2 
 .text.TIM_ETR_SetConfig
                0x0000000008010544       0x40 ./Drivers/STM32F0xx_HAL_Driver/Src/stm32f0xx_hal_tim.o
                0x0000000008010544                TIM_ETR_SetConfig
 .text.TIM_CCxChannelCmd
                0x0000000008010584       0x46 ./Drivers/STM32F0xx_HAL_Driver/Src/stm32f0xx_hal_tim.o
                0x0000000008010584                TIM_CCxChannelCmd
 *fill*         0x00000000080105ca        0x2 
 .text.HAL_TIMEx_MasterConfigSynchronization
                0x00000000080105cc       0xbc ./Drivers/STM32F0xx_HAL_Driver/Src/stm32f0xx_hal_tim_ex.o
                0x00000000080105cc                HAL_TIMEx_MasterConfigSynchronization
 .text.HAL_TIMEx_ConfigBreakDeadTime
                0x0000000008010688       0xbc ./Drivers/STM32F0xx_HAL_Driver/Src/stm32f0xx_hal_tim_ex.o
                0x0000000008010688                HAL_TIMEx_ConfigBreakDeadTime
 .text.HAL_TIMEx_CommutCallback
                0x0000000008010744       0x10 ./Drivers/STM32F0xx_HAL_Driver/Src/stm32f0xx_hal_tim_ex.o
                0x0000000008010744                HAL_TIMEx_CommutCallback
 .text.HAL_TIMEx_BreakCallback
                0x0000000008010754       0x10 ./Drivers/STM32F0xx_HAL_Driver/Src/stm32f0xx_hal_tim_ex.o
                0x0000000008010754                HAL_TIMEx_BreakCallback
 .text.__errno  0x0000000008010764        0xc c:/st/stm32cubeide_1.10.1/stm32cubeide/plugins/com.st.stm32cube.ide.mcu.externaltools.gnu-tools-for-stm32.10.3-2021.10.win32_1.0.200.202301161003/tools/bin/../lib/gcc/arm-none-eabi/10.3.1/../../../../arm-none-eabi/lib/thumb/v6-m/nofp\libc_nano.a(lib_a-errno.o)
                0x0000000008010764                __errno
 .text.__libc_init_array
                0x0000000008010770       0x48 c:/st/stm32cubeide_1.10.1/stm32cubeide/plugins/com.st.stm32cube.ide.mcu.externaltools.gnu-tools-for-stm32.10.3-2021.10.win32_1.0.200.202301161003/tools/bin/../lib/gcc/arm-none-eabi/10.3.1/../../../../arm-none-eabi/lib/thumb/v6-m/nofp\libc_nano.a(lib_a-init.o)
                0x0000000008010770                __libc_init_array
 .text.memset   0x00000000080107b8       0x10 c:/st/stm32cubeide_1.10.1/stm32cubeide/plugins/com.st.stm32cube.ide.mcu.externaltools.gnu-tools-for-stm32.10.3-2021.10.win32_1.0.200.202301161003/tools/bin/../lib/gcc/arm-none-eabi/10.3.1/../../../../arm-none-eabi/lib/thumb/v6-m/nofp\libc_nano.a(lib_a-memset.o)
                0x00000000080107b8                memset
 .text.log      0x00000000080107c8       0x6c c:/st/stm32cubeide_1.10.1/stm32cubeide/plugins/com.st.stm32cube.ide.mcu.externaltools.gnu-tools-for-stm32.10.3-2021.10.win32_1.0.200.202301161003/tools/bin/../lib/gcc/arm-none-eabi/10.3.1/../../../../arm-none-eabi/lib/thumb/v6-m/nofp\libm.a(lib_a-w_log.o)
                0x00000000080107c8                log
 .text.sqrt     0x0000000008010834       0x4c c:/st/stm32cubeide_1.10.1/stm32cubeide/plugins/com.st.stm32cube.ide.mcu.externaltools.gnu-tools-for-stm32.10.3-2021.10.win32_1.0.200.202301161003/tools/bin/../lib/gcc/arm-none-eabi/10.3.1/../../../../arm-none-eabi/lib/thumb/v6-m/nofp\libm.a(lib_a-w_sqrt.o)
                0x0000000008010834                sqrt
 .text.__ieee754_log
                0x0000000008010880      0x360 c:/st/stm32cubeide_1.10.1/stm32cubeide/plugins/com.st.stm32cube.ide.mcu.externaltools.gnu-tools-for-stm32.10.3-2021.10.win32_1.0.200.202301161003/tools/bin/../lib/gcc/arm-none-eabi/10.3.1/../../../../arm-none-eabi/lib/thumb/v6-m/nofp\libm.a(lib_a-e_log.o)
                0x0000000008010880                __ieee754_log
 .text.__ieee754_sqrt
                0x0000000008010be0      0x16c c:/st/stm32cubeide_1.10.1/stm32cubeide/plugins/com.st.stm32cube.ide.mcu.externaltools.gnu-tools-for-stm32.10.3-2021.10.win32_1.0.200.202301161003/tools/bin/../lib/gcc/arm-none-eabi/10.3.1/../../../../arm-none-eabi/lib/thumb/v6-m/nofp\libm.a(lib_a-e_sqrt.o)
                0x0000000008010be0                __ieee754_sqrt
 .text.nan      0x0000000008010d4c        0xc c:/st/stm32cubeide_1.10.1/stm32cubeide/plugins/com.st.stm32cube.ide.mcu.externaltools.gnu-tools-for-stm32.10.3-2021.10.win32_1.0.200.202301161003/tools/bin/../lib/gcc/arm-none-eabi/10.3.1/../../../../arm-none-eabi/lib/thumb/v6-m/nofp\libm.a(lib_a-s_nan.o)
                0x0000000008010d4c                nan
 *(.glue_7)
 .glue_7        0x0000000008010d58        0x0 linker stubs
 *(.glue_7t)
 .glue_7t       0x0000000008010d58        0x0 linker stubs
 *(.eh_frame)
 .eh_frame      0x0000000008010d58        0x0 c:/st/stm32cubeide_1.10.1/stm32cubeide/plugins/com.st.stm32cube.ide.mcu.externaltools.gnu-tools-for-stm32.10.3-2021.10.win32_1.0.200.202301161003/tools/bin/../lib/gcc/arm-none-eabi/10.3.1/thumb/v6-m/nofp/crtbegin.o
 *(.init)
 .init          0x0000000008010d58        0x4 c:/st/stm32cubeide_1.10.1/stm32cubeide/plugins/com.st.stm32cube.ide.mcu.externaltools.gnu-tools-for-stm32.10.3-2021.10.win32_1.0.200.202301161003/tools/bin/../lib/gcc/arm-none-eabi/10.3.1/thumb/v6-m/nofp/crti.o
                0x0000000008010d58                _init
 .init          0x0000000008010d5c        0x8 c:/st/stm32cubeide_1.10.1/stm32cubeide/plugins/com.st.stm32cube.ide.mcu.externaltools.gnu-tools-for-stm32.10.3-2021.10.win32_1.0.200.202301161003/tools/bin/../lib/gcc/arm-none-eabi/10.3.1/thumb/v6-m/nofp/crtn.o
 *(.fini)
 .fini          0x0000000008010d64        0x4 c:/st/stm32cubeide_1.10.1/stm32cubeide/plugins/com.st.stm32cube.ide.mcu.externaltools.gnu-tools-for-stm32.10.3-2021.10.win32_1.0.200.202301161003/tools/bin/../lib/gcc/arm-none-eabi/10.3.1/thumb/v6-m/nofp/crti.o
                0x0000000008010d64                _fini
 .fini          0x0000000008010d68        0x8 c:/st/stm32cubeide_1.10.1/stm32cubeide/plugins/com.st.stm32cube.ide.mcu.externaltools.gnu-tools-for-stm32.10.3-2021.10.win32_1.0.200.202301161003/tools/bin/../lib/gcc/arm-none-eabi/10.3.1/thumb/v6-m/nofp/crtn.o
                0x0000000008010d70                . = ALIGN (0x4)
                0x0000000008010d70                _etext = .

.vfp11_veneer   0x0000000008010d70        0x0
 .vfp11_veneer  0x0000000008010d70        0x0 linker stubs

.v4_bx          0x0000000008010d70        0x0
 .v4_bx         0x0000000008010d70        0x0 linker stubs

.iplt           0x0000000008010d70        0x0
 .iplt          0x0000000008010d70        0x0 c:/st/stm32cubeide_1.10.1/stm32cubeide/plugins/com.st.stm32cube.ide.mcu.externaltools.gnu-tools-for-stm32.10.3-2021.10.win32_1.0.200.202301161003/tools/bin/../lib/gcc/arm-none-eabi/10.3.1/thumb/v6-m/nofp/crtbegin.o

.rodata         0x0000000008010d70      0x198
                0x0000000008010d70                . = ALIGN (0x4)
 *(.rodata)
 .rodata        0x0000000008010d70        0x8 ./Core/CAN/can_hal_can1.o
 .rodata        0x0000000008010d78       0x20 ./Drivers/STM32F0xx_HAL_Driver/Src/stm32f0xx_hal_rcc.o
 .rodata        0x0000000008010d98       0x80 c:/st/stm32cubeide_1.10.1/stm32cubeide/plugins/com.st.stm32cube.ide.mcu.externaltools.gnu-tools-for-stm32.10.3-2021.10.win32_1.0.200.202301161003/tools/bin/../lib/gcc/arm-none-eabi/10.3.1/thumb/v6-m/nofp\libgcc.a(divsf3.o)
 .rodata        0x0000000008010e18       0x40 c:/st/stm32cubeide_1.10.1/stm32cubeide/plugins/com.st.stm32cube.ide.mcu.externaltools.gnu-tools-for-stm32.10.3-2021.10.win32_1.0.200.202301161003/tools/bin/../lib/gcc/arm-none-eabi/10.3.1/thumb/v6-m/nofp\libgcc.a(mulsf3.o)
 .rodata        0x0000000008010e58       0x40 c:/st/stm32cubeide_1.10.1/stm32cubeide/plugins/com.st.stm32cube.ide.mcu.externaltools.gnu-tools-for-stm32.10.3-2021.10.win32_1.0.200.202301161003/tools/bin/../lib/gcc/arm-none-eabi/10.3.1/thumb/v6-m/nofp\libgcc.a(divdf3.o)
 .rodata        0x0000000008010e98       0x40 c:/st/stm32cubeide_1.10.1/stm32cubeide/plugins/com.st.stm32cube.ide.mcu.externaltools.gnu-tools-for-stm32.10.3-2021.10.win32_1.0.200.202301161003/tools/bin/../lib/gcc/arm-none-eabi/10.3.1/thumb/v6-m/nofp\libgcc.a(muldf3.o)
 *(.rodata*)
 .rodata.set_duty_cycle
                0x0000000008010ed8       0x1c ./Core/Src/main.o
 .rodata.AHBPrescTable
                0x0000000008010ef4       0x10 ./Core/Src/system_stm32f0xx.o
                0x0000000008010ef4                AHBPrescTable
 .rodata.log.str1.1
                0x0000000008010f04        0x1 c:/st/stm32cubeide_1.10.1/stm32cubeide/plugins/com.st.stm32cube.ide.mcu.externaltools.gnu-tools-for-stm32.10.3-2021.10.win32_1.0.200.202301161003/tools/bin/../lib/gcc/arm-none-eabi/10.3.1/../../../../arm-none-eabi/lib/thumb/v6-m/nofp\libm.a(lib_a-w_log.o)
                0x0000000008010f08                . = ALIGN (0x4)
 *fill*         0x0000000008010f05        0x3 

.rel.dyn        0x0000000008010f08        0x0
 .rel.iplt      0x0000000008010f08        0x0 c:/st/stm32cubeide_1.10.1/stm32cubeide/plugins/com.st.stm32cube.ide.mcu.externaltools.gnu-tools-for-stm32.10.3-2021.10.win32_1.0.200.202301161003/tools/bin/../lib/gcc/arm-none-eabi/10.3.1/thumb/v6-m/nofp/crtbegin.o

.ARM.extab      0x0000000008010f08        0x0
                0x0000000008010f08                . = ALIGN (0x4)
 *(.ARM.extab* .gnu.linkonce.armextab.*)
                0x0000000008010f08                . = ALIGN (0x4)

.ARM            0x0000000008010f08        0x0
                0x0000000008010f08                . = ALIGN (0x4)
                0x0000000008010f08                __exidx_start = .
 *(.ARM.exidx*)
                0x0000000008010f08                __exidx_end = .
                0x0000000008010f08                . = ALIGN (0x4)

.preinit_array  0x0000000008010f08        0x0
                0x0000000008010f08                . = ALIGN (0x4)
                0x0000000008010f08                PROVIDE (__preinit_array_start = .)
 *(.preinit_array*)
                0x0000000008010f08                PROVIDE (__preinit_array_end = .)
                0x0000000008010f08                . = ALIGN (0x4)

.init_array     0x0000000008010f08        0x4
                0x0000000008010f08                . = ALIGN (0x4)
                0x0000000008010f08                PROVIDE (__init_array_start = .)
 *(SORT_BY_NAME(.init_array.*))
 *(.init_array*)
 .init_array    0x0000000008010f08        0x4 c:/st/stm32cubeide_1.10.1/stm32cubeide/plugins/com.st.stm32cube.ide.mcu.externaltools.gnu-tools-for-stm32.10.3-2021.10.win32_1.0.200.202301161003/tools/bin/../lib/gcc/arm-none-eabi/10.3.1/thumb/v6-m/nofp/crtbegin.o
                0x0000000008010f0c                PROVIDE (__init_array_end = .)
                0x0000000008010f0c                . = ALIGN (0x4)

.fini_array     0x0000000008010f0c        0x4
                0x0000000008010f0c                . = ALIGN (0x4)
                [!provide]                        PROVIDE (__fini_array_start = .)
 *(SORT_BY_NAME(.fini_array.*))
 *(.fini_array*)
 .fini_array    0x0000000008010f0c        0x4 c:/st/stm32cubeide_1.10.1/stm32cubeide/plugins/com.st.stm32cube.ide.mcu.externaltools.gnu-tools-for-stm32.10.3-2021.10.win32_1.0.200.202301161003/tools/bin/../lib/gcc/arm-none-eabi/10.3.1/thumb/v6-m/nofp/crtbegin.o
                [!provide]                        PROVIDE (__fini_array_end = .)
                0x0000000008010f10                . = ALIGN (0x4)
                0x0000000008010f10                _sidata = LOADADDR (.data)

.data           0x0000000020000400       0x78 load address 0x0000000008010f10
                0x0000000020000400                . = ALIGN (0x4)
                0x0000000020000400                _sdata = .
 *(.data)
 *(.data*)
 .data.ptData   0x0000000020000400        0x4 ./Core/Src/main.o
                0x0000000020000400                ptData
 .data.flag     0x0000000020000404        0x4 ./Core/Src/main.o
                0x0000000020000404                flag
 .data.SystemCoreClock
                0x0000000020000408        0x4 ./Core/Src/system_stm32f0xx.o
                0x0000000020000408                SystemCoreClock
 .data.uwTickPrio
                0x000000002000040c        0x4 ./Drivers/STM32F0xx_HAL_Driver/Src/stm32f0xx_hal.o
                0x000000002000040c                uwTickPrio
 .data.uwTickFreq
                0x0000000020000410        0x1 ./Drivers/STM32F0xx_HAL_Driver/Src/stm32f0xx_hal.o
                0x0000000020000410                uwTickFreq
 *fill*         0x0000000020000411        0x3 
 .data._impure_ptr
                0x0000000020000414        0x4 c:/st/stm32cubeide_1.10.1/stm32cubeide/plugins/com.st.stm32cube.ide.mcu.externaltools.gnu-tools-for-stm32.10.3-2021.10.win32_1.0.200.202301161003/tools/bin/../lib/gcc/arm-none-eabi/10.3.1/../../../../arm-none-eabi/lib/thumb/v6-m/nofp\libc_nano.a(lib_a-impure.o)
                0x0000000020000414                _impure_ptr
 .data.impure_data
                0x0000000020000418       0x60 c:/st/stm32cubeide_1.10.1/stm32cubeide/plugins/com.st.stm32cube.ide.mcu.externaltools.gnu-tools-for-stm32.10.3-2021.10.win32_1.0.200.202301161003/tools/bin/../lib/gcc/arm-none-eabi/10.3.1/../../../../arm-none-eabi/lib/thumb/v6-m/nofp\libc_nano.a(lib_a-impure.o)
                0x0000000020000478                . = ALIGN (0x4)
                0x0000000020000478                _edata = .

.igot.plt       0x0000000020000478        0x0 load address 0x0000000008010f88
 .igot.plt      0x0000000020000478        0x0 c:/st/stm32cubeide_1.10.1/stm32cubeide/plugins/com.st.stm32cube.ide.mcu.externaltools.gnu-tools-for-stm32.10.3-2021.10.win32_1.0.200.202301161003/tools/bin/../lib/gcc/arm-none-eabi/10.3.1/thumb/v6-m/nofp/crtbegin.o
                0x0000000020000478                . = ALIGN (0x4)

.bss            0x0000000020000478      0x2fc load address 0x0000000008010f88
                0x0000000020000478                _sbss = .
                0x0000000020000478                __bss_start__ = _sbss
 *(.bss)
 .bss           0x0000000020000478       0x1c c:/st/stm32cubeide_1.10.1/stm32cubeide/plugins/com.st.stm32cube.ide.mcu.externaltools.gnu-tools-for-stm32.10.3-2021.10.win32_1.0.200.202301161003/tools/bin/../lib/gcc/arm-none-eabi/10.3.1/thumb/v6-m/nofp/crtbegin.o
 *(.bss*)
 .bss._can1     0x0000000020000494        0x4 ./Core/CAN/can_hal_can1.o
                0x0000000020000494                _can1
 .bss.mailbox   0x0000000020000498        0x4 ./Core/CAN/can_hal_can1.o
 .bss.filter_counter
                0x000000002000049c        0x2 ./Core/CAN/can_hal_can1.o
                0x000000002000049c                filter_counter
 *fill*         0x000000002000049e        0x2 
 .bss.rx_can1_mcu_set_ccu_cooling_points
                0x00000000200004a0       0x1c ./Core/CAN/can_hal_can1.o
                0x00000000200004a0                rx_can1_mcu_set_ccu_cooling_points
 .bss.tx_can1_ccu_status_1
                0x00000000200004bc       0x1c ./Core/CAN/can_hal_can1.o
                0x00000000200004bc                tx_can1_ccu_status_1
 .bss.tx_can1_ccu_status_2
                0x00000000200004d8        0xc ./Core/CAN/can_hal_can1.o
                0x00000000200004d8                tx_can1_ccu_status_2
 .bss.hadc      0x00000000200004e4       0x40 ./Core/Src/adc.o
                0x00000000200004e4                hadc
 .bss.hdma_adc  0x0000000020000524       0x44 ./Core/Src/adc.o
                0x0000000020000524                hdma_adc
 .bss.hcan      0x0000000020000568       0x28 ./Core/Src/can.o
                0x0000000020000568                hcan
 .bss.tData     0x0000000020000590       0x14 ./Core/Src/main.o
                0x0000000020000590                tData
 .bss.data_buffer
                0x00000000200005a4       0x64 ./Core/Src/main.o
                0x00000000200005a4                data_buffer
 .bss.htim1     0x0000000020000608       0x48 ./Core/Src/tim.o
                0x0000000020000608                htim1
 .bss.htim2     0x0000000020000650       0x48 ./Core/Src/tim.o
                0x0000000020000650                htim2
 .bss.htim3     0x0000000020000698       0x48 ./Core/Src/tim.o
                0x0000000020000698                htim3
 .bss.htim7     0x00000000200006e0       0x48 ./Core/Src/tim.o
                0x00000000200006e0                htim7
 .bss.htim15    0x0000000020000728       0x48 ./Core/Src/tim.o
                0x0000000020000728                htim15
 .bss.uwTick    0x0000000020000770        0x4 ./Drivers/STM32F0xx_HAL_Driver/Src/stm32f0xx_hal.o
                0x0000000020000770                uwTick
 *(COMMON)
                0x0000000020000774                . = ALIGN (0x4)
                0x0000000020000774                _ebss = .
                0x0000000020000774                __bss_end__ = _ebss

._user_heap_stack
                0x0000000020000774      0x604 load address 0x0000000008010f88
                0x0000000020000778                . = ALIGN (0x8)
 *fill*         0x0000000020000774        0x4 
                0x0000000020000778                PROVIDE (end = .)
                [!provide]                        PROVIDE (_end = .)
                0x0000000020000978                . = (. + _Min_Heap_Size)
 *fill*         0x0000000020000778      0x200 
                0x0000000020000d78                . = (. + _Min_Stack_Size)
 *fill*         0x0000000020000978      0x400 
                0x0000000020000d78                . = ALIGN (0x8)

/DISCARD/
 libc.a(*)
 libm.a(*)
 libgcc.a(*)

.ARM.attributes
                0x0000000000000000       0x28
 *(.ARM.attributes)
 .ARM.attributes
                0x0000000000000000       0x1e c:/st/stm32cubeide_1.10.1/stm32cubeide/plugins/com.st.stm32cube.ide.mcu.externaltools.gnu-tools-for-stm32.10.3-2021.10.win32_1.0.200.202301161003/tools/bin/../lib/gcc/arm-none-eabi/10.3.1/thumb/v6-m/nofp/crti.o
 .ARM.attributes
                0x000000000000001e       0x2c c:/st/stm32cubeide_1.10.1/stm32cubeide/plugins/com.st.stm32cube.ide.mcu.externaltools.gnu-tools-for-stm32.10.3-2021.10.win32_1.0.200.202301161003/tools/bin/../lib/gcc/arm-none-eabi/10.3.1/thumb/v6-m/nofp/crtbegin.o
 .ARM.attributes
                0x000000000000004a       0x2c ./Core/CAN/can_can1.o
 .ARM.attributes
                0x0000000000000076       0x2c ./Core/CAN/can_hal_callbacks.o
 .ARM.attributes
                0x00000000000000a2       0x2c ./Core/CAN/can_hal_can1.o
 .ARM.attributes
                0x00000000000000ce       0x2c ./Core/Src/adc.o
 .ARM.attributes
                0x00000000000000fa       0x2c ./Core/Src/can.o
 .ARM.attributes
                0x0000000000000126       0x2c ./Core/Src/dma.o
 .ARM.attributes
                0x0000000000000152       0x2c ./Core/Src/gpio.o
 .ARM.attributes
                0x000000000000017e       0x2c ./Core/Src/main.o
 .ARM.attributes
                0x00000000000001aa       0x2c ./Core/Src/stm32f0xx_hal_msp.o
 .ARM.attributes
                0x00000000000001d6       0x2c ./Core/Src/stm32f0xx_it.o
 .ARM.attributes
                0x0000000000000202       0x2c ./Core/Src/system_stm32f0xx.o
 .ARM.attributes
                0x000000000000022e       0x2c ./Core/Src/tim.o
 .ARM.attributes
                0x000000000000025a       0x21 ./Core/Startup/startup_stm32f091rctx.o
 .ARM.attributes
                0x000000000000027b       0x2c ./Drivers/STM32F0xx_HAL_Driver/Src/stm32f0xx_hal.o
 .ARM.attributes
                0x00000000000002a7       0x2c ./Drivers/STM32F0xx_HAL_Driver/Src/stm32f0xx_hal_adc.o
 .ARM.attributes
                0x00000000000002d3       0x2c ./Drivers/STM32F0xx_HAL_Driver/Src/stm32f0xx_hal_can.o
 .ARM.attributes
                0x00000000000002ff       0x2c ./Drivers/STM32F0xx_HAL_Driver/Src/stm32f0xx_hal_cortex.o
 .ARM.attributes
                0x000000000000032b       0x2c ./Drivers/STM32F0xx_HAL_Driver/Src/stm32f0xx_hal_dma.o
 .ARM.attributes
                0x0000000000000357       0x2c ./Drivers/STM32F0xx_HAL_Driver/Src/stm32f0xx_hal_gpio.o
 .ARM.attributes
                0x0000000000000383       0x2c ./Drivers/STM32F0xx_HAL_Driver/Src/stm32f0xx_hal_rcc.o
 .ARM.attributes
                0x00000000000003af       0x2c ./Drivers/STM32F0xx_HAL_Driver/Src/stm32f0xx_hal_tim.o
 .ARM.attributes
                0x00000000000003db       0x2c ./Drivers/STM32F0xx_HAL_Driver/Src/stm32f0xx_hal_tim_ex.o
 .ARM.attributes
                0x0000000000000407       0x2c c:/st/stm32cubeide_1.10.1/stm32cubeide/plugins/com.st.stm32cube.ide.mcu.externaltools.gnu-tools-for-stm32.10.3-2021.10.win32_1.0.200.202301161003/tools/bin/../lib/gcc/arm-none-eabi/10.3.1/../../../../arm-none-eabi/lib/thumb/v6-m/nofp\libc_nano.a(lib_a-errno.o)
 .ARM.attributes
                0x0000000000000433       0x2c c:/st/stm32cubeide_1.10.1/stm32cubeide/plugins/com.st.stm32cube.ide.mcu.externaltools.gnu-tools-for-stm32.10.3-2021.10.win32_1.0.200.202301161003/tools/bin/../lib/gcc/arm-none-eabi/10.3.1/../../../../arm-none-eabi/lib/thumb/v6-m/nofp\libc_nano.a(lib_a-impure.o)
 .ARM.attributes
                0x000000000000045f       0x2c c:/st/stm32cubeide_1.10.1/stm32cubeide/plugins/com.st.stm32cube.ide.mcu.externaltools.gnu-tools-for-stm32.10.3-2021.10.win32_1.0.200.202301161003/tools/bin/../lib/gcc/arm-none-eabi/10.3.1/../../../../arm-none-eabi/lib/thumb/v6-m/nofp\libc_nano.a(lib_a-init.o)
 .ARM.attributes
                0x000000000000048b       0x2c c:/st/stm32cubeide_1.10.1/stm32cubeide/plugins/com.st.stm32cube.ide.mcu.externaltools.gnu-tools-for-stm32.10.3-2021.10.win32_1.0.200.202301161003/tools/bin/../lib/gcc/arm-none-eabi/10.3.1/../../../../arm-none-eabi/lib/thumb/v6-m/nofp\libc_nano.a(lib_a-memset.o)
 .ARM.attributes
                0x00000000000004b7       0x2c c:/st/stm32cubeide_1.10.1/stm32cubeide/plugins/com.st.stm32cube.ide.mcu.externaltools.gnu-tools-for-stm32.10.3-2021.10.win32_1.0.200.202301161003/tools/bin/../lib/gcc/arm-none-eabi/10.3.1/../../../../arm-none-eabi/lib/thumb/v6-m/nofp\libm.a(lib_a-w_log.o)
 .ARM.attributes
                0x00000000000004e3       0x2c c:/st/stm32cubeide_1.10.1/stm32cubeide/plugins/com.st.stm32cube.ide.mcu.externaltools.gnu-tools-for-stm32.10.3-2021.10.win32_1.0.200.202301161003/tools/bin/../lib/gcc/arm-none-eabi/10.3.1/../../../../arm-none-eabi/lib/thumb/v6-m/nofp\libm.a(lib_a-w_sqrt.o)
 .ARM.attributes
                0x000000000000050f       0x2c c:/st/stm32cubeide_1.10.1/stm32cubeide/plugins/com.st.stm32cube.ide.mcu.externaltools.gnu-tools-for-stm32.10.3-2021.10.win32_1.0.200.202301161003/tools/bin/../lib/gcc/arm-none-eabi/10.3.1/../../../../arm-none-eabi/lib/thumb/v6-m/nofp\libm.a(lib_a-e_log.o)
 .ARM.attributes
                0x000000000000053b       0x2c c:/st/stm32cubeide_1.10.1/stm32cubeide/plugins/com.st.stm32cube.ide.mcu.externaltools.gnu-tools-for-stm32.10.3-2021.10.win32_1.0.200.202301161003/tools/bin/../lib/gcc/arm-none-eabi/10.3.1/../../../../arm-none-eabi/lib/thumb/v6-m/nofp\libm.a(lib_a-e_sqrt.o)
 .ARM.attributes
                0x0000000000000567       0x2c c:/st/stm32cubeide_1.10.1/stm32cubeide/plugins/com.st.stm32cube.ide.mcu.externaltools.gnu-tools-for-stm32.10.3-2021.10.win32_1.0.200.202301161003/tools/bin/../lib/gcc/arm-none-eabi/10.3.1/../../../../arm-none-eabi/lib/thumb/v6-m/nofp\libm.a(lib_a-s_nan.o)
 .ARM.attributes
                0x0000000000000593       0x1e c:/st/stm32cubeide_1.10.1/stm32cubeide/plugins/com.st.stm32cube.ide.mcu.externaltools.gnu-tools-for-stm32.10.3-2021.10.win32_1.0.200.202301161003/tools/bin/../lib/gcc/arm-none-eabi/10.3.1/thumb/v6-m/nofp\libgcc.a(_udivsi3.o)
 .ARM.attributes
                0x00000000000005b1       0x1e c:/st/stm32cubeide_1.10.1/stm32cubeide/plugins/com.st.stm32cube.ide.mcu.externaltools.gnu-tools-for-stm32.10.3-2021.10.win32_1.0.200.202301161003/tools/bin/../lib/gcc/arm-none-eabi/10.3.1/thumb/v6-m/nofp\libgcc.a(_dvmd_tls.o)
 .ARM.attributes
                0x00000000000005cf       0x1e c:/st/stm32cubeide_1.10.1/stm32cubeide/plugins/com.st.stm32cube.ide.mcu.externaltools.gnu-tools-for-stm32.10.3-2021.10.win32_1.0.200.202301161003/tools/bin/../lib/gcc/arm-none-eabi/10.3.1/thumb/v6-m/nofp\libgcc.a(_arm_cmpdf2.o)
 .ARM.attributes
                0x00000000000005ed       0x1e c:/st/stm32cubeide_1.10.1/stm32cubeide/plugins/com.st.stm32cube.ide.mcu.externaltools.gnu-tools-for-stm32.10.3-2021.10.win32_1.0.200.202301161003/tools/bin/../lib/gcc/arm-none-eabi/10.3.1/thumb/v6-m/nofp\libgcc.a(_arm_cmpsf2.o)
 .ARM.attributes
                0x000000000000060b       0x2c c:/st/stm32cubeide_1.10.1/stm32cubeide/plugins/com.st.stm32cube.ide.mcu.externaltools.gnu-tools-for-stm32.10.3-2021.10.win32_1.0.200.202301161003/tools/bin/../lib/gcc/arm-none-eabi/10.3.1/thumb/v6-m/nofp\libgcc.a(_fixunssfsi.o)
 .ARM.attributes
                0x0000000000000637       0x2c c:/st/stm32cubeide_1.10.1/stm32cubeide/plugins/com.st.stm32cube.ide.mcu.externaltools.gnu-tools-for-stm32.10.3-2021.10.win32_1.0.200.202301161003/tools/bin/../lib/gcc/arm-none-eabi/10.3.1/thumb/v6-m/nofp\libgcc.a(_fixunsdfsi.o)
 .ARM.attributes
                0x0000000000000663       0x2c c:/st/stm32cubeide_1.10.1/stm32cubeide/plugins/com.st.stm32cube.ide.mcu.externaltools.gnu-tools-for-stm32.10.3-2021.10.win32_1.0.200.202301161003/tools/bin/../lib/gcc/arm-none-eabi/10.3.1/thumb/v6-m/nofp\libgcc.a(addsf3.o)
 .ARM.attributes
                0x000000000000068f       0x2c c:/st/stm32cubeide_1.10.1/stm32cubeide/plugins/com.st.stm32cube.ide.mcu.externaltools.gnu-tools-for-stm32.10.3-2021.10.win32_1.0.200.202301161003/tools/bin/../lib/gcc/arm-none-eabi/10.3.1/thumb/v6-m/nofp\libgcc.a(divsf3.o)
 .ARM.attributes
                0x00000000000006bb       0x2c c:/st/stm32cubeide_1.10.1/stm32cubeide/plugins/com.st.stm32cube.ide.mcu.externaltools.gnu-tools-for-stm32.10.3-2021.10.win32_1.0.200.202301161003/tools/bin/../lib/gcc/arm-none-eabi/10.3.1/thumb/v6-m/nofp\libgcc.a(eqsf2.o)
 .ARM.attributes
                0x00000000000006e7       0x2c c:/st/stm32cubeide_1.10.1/stm32cubeide/plugins/com.st.stm32cube.ide.mcu.externaltools.gnu-tools-for-stm32.10.3-2021.10.win32_1.0.200.202301161003/tools/bin/../lib/gcc/arm-none-eabi/10.3.1/thumb/v6-m/nofp\libgcc.a(gesf2.o)
 .ARM.attributes
                0x0000000000000713       0x2c c:/st/stm32cubeide_1.10.1/stm32cubeide/plugins/com.st.stm32cube.ide.mcu.externaltools.gnu-tools-for-stm32.10.3-2021.10.win32_1.0.200.202301161003/tools/bin/../lib/gcc/arm-none-eabi/10.3.1/thumb/v6-m/nofp\libgcc.a(lesf2.o)
 .ARM.attributes
                0x000000000000073f       0x2c c:/st/stm32cubeide_1.10.1/stm32cubeide/plugins/com.st.stm32cube.ide.mcu.externaltools.gnu-tools-for-stm32.10.3-2021.10.win32_1.0.200.202301161003/tools/bin/../lib/gcc/arm-none-eabi/10.3.1/thumb/v6-m/nofp\libgcc.a(mulsf3.o)
 .ARM.attributes
                0x000000000000076b       0x2c c:/st/stm32cubeide_1.10.1/stm32cubeide/plugins/com.st.stm32cube.ide.mcu.externaltools.gnu-tools-for-stm32.10.3-2021.10.win32_1.0.200.202301161003/tools/bin/../lib/gcc/arm-none-eabi/10.3.1/thumb/v6-m/nofp\libgcc.a(subsf3.o)
 .ARM.attributes
                0x0000000000000797       0x2c c:/st/stm32cubeide_1.10.1/stm32cubeide/plugins/com.st.stm32cube.ide.mcu.externaltools.gnu-tools-for-stm32.10.3-2021.10.win32_1.0.200.202301161003/tools/bin/../lib/gcc/arm-none-eabi/10.3.1/thumb/v6-m/nofp\libgcc.a(fixsfsi.o)
 .ARM.attributes
                0x00000000000007c3       0x2c c:/st/stm32cubeide_1.10.1/stm32cubeide/plugins/com.st.stm32cube.ide.mcu.externaltools.gnu-tools-for-stm32.10.3-2021.10.win32_1.0.200.202301161003/tools/bin/../lib/gcc/arm-none-eabi/10.3.1/thumb/v6-m/nofp\libgcc.a(floatsisf.o)
 .ARM.attributes
                0x00000000000007ef       0x2c c:/st/stm32cubeide_1.10.1/stm32cubeide/plugins/com.st.stm32cube.ide.mcu.externaltools.gnu-tools-for-stm32.10.3-2021.10.win32_1.0.200.202301161003/tools/bin/../lib/gcc/arm-none-eabi/10.3.1/thumb/v6-m/nofp\libgcc.a(floatunsisf.o)
 .ARM.attributes
                0x000000000000081b       0x2c c:/st/stm32cubeide_1.10.1/stm32cubeide/plugins/com.st.stm32cube.ide.mcu.externaltools.gnu-tools-for-stm32.10.3-2021.10.win32_1.0.200.202301161003/tools/bin/../lib/gcc/arm-none-eabi/10.3.1/thumb/v6-m/nofp\libgcc.a(adddf3.o)
 .ARM.attributes
                0x0000000000000847       0x2c c:/st/stm32cubeide_1.10.1/stm32cubeide/plugins/com.st.stm32cube.ide.mcu.externaltools.gnu-tools-for-stm32.10.3-2021.10.win32_1.0.200.202301161003/tools/bin/../lib/gcc/arm-none-eabi/10.3.1/thumb/v6-m/nofp\libgcc.a(divdf3.o)
 .ARM.attributes
                0x0000000000000873       0x2c c:/st/stm32cubeide_1.10.1/stm32cubeide/plugins/com.st.stm32cube.ide.mcu.externaltools.gnu-tools-for-stm32.10.3-2021.10.win32_1.0.200.202301161003/tools/bin/../lib/gcc/arm-none-eabi/10.3.1/thumb/v6-m/nofp\libgcc.a(eqdf2.o)
 .ARM.attributes
                0x000000000000089f       0x2c c:/st/stm32cubeide_1.10.1/stm32cubeide/plugins/com.st.stm32cube.ide.mcu.externaltools.gnu-tools-for-stm32.10.3-2021.10.win32_1.0.200.202301161003/tools/bin/../lib/gcc/arm-none-eabi/10.3.1/thumb/v6-m/nofp\libgcc.a(gedf2.o)
 .ARM.attributes
                0x00000000000008cb       0x2c c:/st/stm32cubeide_1.10.1/stm32cubeide/plugins/com.st.stm32cube.ide.mcu.externaltools.gnu-tools-for-stm32.10.3-2021.10.win32_1.0.200.202301161003/tools/bin/../lib/gcc/arm-none-eabi/10.3.1/thumb/v6-m/nofp\libgcc.a(ledf2.o)
 .ARM.attributes
                0x00000000000008f7       0x2c c:/st/stm32cubeide_1.10.1/stm32cubeide/plugins/com.st.stm32cube.ide.mcu.externaltools.gnu-tools-for-stm32.10.3-2021.10.win32_1.0.200.202301161003/tools/bin/../lib/gcc/arm-none-eabi/10.3.1/thumb/v6-m/nofp\libgcc.a(muldf3.o)
 .ARM.attributes
                0x0000000000000923       0x2c c:/st/stm32cubeide_1.10.1/stm32cubeide/plugins/com.st.stm32cube.ide.mcu.externaltools.gnu-tools-for-stm32.10.3-2021.10.win32_1.0.200.202301161003/tools/bin/../lib/gcc/arm-none-eabi/10.3.1/thumb/v6-m/nofp\libgcc.a(subdf3.o)
 .ARM.attributes
                0x000000000000094f       0x2c c:/st/stm32cubeide_1.10.1/stm32cubeide/plugins/com.st.stm32cube.ide.mcu.externaltools.gnu-tools-for-stm32.10.3-2021.10.win32_1.0.200.202301161003/tools/bin/../lib/gcc/arm-none-eabi/10.3.1/thumb/v6-m/nofp\libgcc.a(unorddf2.o)
 .ARM.attributes
                0x000000000000097b       0x2c c:/st/stm32cubeide_1.10.1/stm32cubeide/plugins/com.st.stm32cube.ide.mcu.externaltools.gnu-tools-for-stm32.10.3-2021.10.win32_1.0.200.202301161003/tools/bin/../lib/gcc/arm-none-eabi/10.3.1/thumb/v6-m/nofp\libgcc.a(fixdfsi.o)
 .ARM.attributes
                0x00000000000009a7       0x2c c:/st/stm32cubeide_1.10.1/stm32cubeide/plugins/com.st.stm32cube.ide.mcu.externaltools.gnu-tools-for-stm32.10.3-2021.10.win32_1.0.200.202301161003/tools/bin/../lib/gcc/arm-none-eabi/10.3.1/thumb/v6-m/nofp\libgcc.a(floatsidf.o)
 .ARM.attributes
                0x00000000000009d3       0x2c c:/st/stm32cubeide_1.10.1/stm32cubeide/plugins/com.st.stm32cube.ide.mcu.externaltools.gnu-tools-for-stm32.10.3-2021.10.win32_1.0.200.202301161003/tools/bin/../lib/gcc/arm-none-eabi/10.3.1/thumb/v6-m/nofp\libgcc.a(floatunsidf.o)
 .ARM.attributes
                0x00000000000009ff       0x2c c:/st/stm32cubeide_1.10.1/stm32cubeide/plugins/com.st.stm32cube.ide.mcu.externaltools.gnu-tools-for-stm32.10.3-2021.10.win32_1.0.200.202301161003/tools/bin/../lib/gcc/arm-none-eabi/10.3.1/thumb/v6-m/nofp\libgcc.a(truncdfsf2.o)
 .ARM.attributes
                0x0000000000000a2b       0x1e c:/st/stm32cubeide_1.10.1/stm32cubeide/plugins/com.st.stm32cube.ide.mcu.externaltools.gnu-tools-for-stm32.10.3-2021.10.win32_1.0.200.202301161003/tools/bin/../lib/gcc/arm-none-eabi/10.3.1/thumb/v6-m/nofp\libgcc.a(_clzsi2.o)
 .ARM.attributes
                0x0000000000000a49       0x1e c:/st/stm32cubeide_1.10.1/stm32cubeide/plugins/com.st.stm32cube.ide.mcu.externaltools.gnu-tools-for-stm32.10.3-2021.10.win32_1.0.200.202301161003/tools/bin/../lib/gcc/arm-none-eabi/10.3.1/thumb/v6-m/nofp/crtn.o
OUTPUT(CCU-SW.elf elf32-littlearm)
LOAD linker stubs
LOAD c:/st/stm32cubeide_1.10.1/stm32cubeide/plugins/com.st.stm32cube.ide.mcu.externaltools.gnu-tools-for-stm32.10.3-2021.10.win32_1.0.200.202301161003/tools/bin/../lib/gcc/arm-none-eabi/10.3.1/../../../../arm-none-eabi/lib/thumb/v6-m/nofp\libc.a
LOAD c:/st/stm32cubeide_1.10.1/stm32cubeide/plugins/com.st.stm32cube.ide.mcu.externaltools.gnu-tools-for-stm32.10.3-2021.10.win32_1.0.200.202301161003/tools/bin/../lib/gcc/arm-none-eabi/10.3.1/../../../../arm-none-eabi/lib/thumb/v6-m/nofp\libm.a
LOAD c:/st/stm32cubeide_1.10.1/stm32cubeide/plugins/com.st.stm32cube.ide.mcu.externaltools.gnu-tools-for-stm32.10.3-2021.10.win32_1.0.200.202301161003/tools/bin/../lib/gcc/arm-none-eabi/10.3.1/thumb/v6-m/nofp\libgcc.a

.debug_info     0x0000000000000000     0xe80d
 .debug_info    0x0000000000000000      0x4b2 ./Core/CAN/can_can1.o
 .debug_info    0x00000000000004b2      0x4d8 ./Core/CAN/can_hal_callbacks.o
 .debug_info    0x000000000000098a      0xb34 ./Core/CAN/can_hal_can1.o
 .debug_info    0x00000000000014be      0xa75 ./Core/Src/adc.o
 .debug_info    0x0000000000001f33      0x8fd ./Core/Src/can.o
 .debug_info    0x0000000000002830      0x2bc ./Core/Src/dma.o
 .debug_info    0x0000000000002aec      0x374 ./Core/Src/gpio.o
 .debug_info    0x0000000000002e60     0x14bf ./Core/Src/main.o
 .debug_info    0x000000000000431f      0x2d9 ./Core/Src/stm32f0xx_hal_msp.o
 .debug_info    0x00000000000045f8      0xde0 ./Core/Src/stm32f0xx_it.o
 .debug_info    0x00000000000053d8      0x269 ./Core/Src/system_stm32f0xx.o
 .debug_info    0x0000000000005641      0xf10 ./Core/Src/tim.o
 .debug_info    0x0000000000006551       0x22 ./Core/Startup/startup_stm32f091rctx.o
 .debug_info    0x0000000000006573      0x6f0 ./Drivers/STM32F0xx_HAL_Driver/Src/stm32f0xx_hal.o
 .debug_info    0x0000000000006c63      0xd29 ./Drivers/STM32F0xx_HAL_Driver/Src/stm32f0xx_hal_adc.o
 .debug_info    0x000000000000798c      0xf63 ./Drivers/STM32F0xx_HAL_Driver/Src/stm32f0xx_hal_can.o
 .debug_info    0x00000000000088ef      0x71d ./Drivers/STM32F0xx_HAL_Driver/Src/stm32f0xx_hal_cortex.o
 .debug_info    0x000000000000900c      0x788 ./Drivers/STM32F0xx_HAL_Driver/Src/stm32f0xx_hal_dma.o
 .debug_info    0x0000000000009794      0x66a ./Drivers/STM32F0xx_HAL_Driver/Src/stm32f0xx_hal_gpio.o
 .debug_info    0x0000000000009dfe      0x8ac ./Drivers/STM32F0xx_HAL_Driver/Src/stm32f0xx_hal_rcc.o
 .debug_info    0x000000000000a6aa     0x2b9f ./Drivers/STM32F0xx_HAL_Driver/Src/stm32f0xx_hal_tim.o
 .debug_info    0x000000000000d249     0x15c4 ./Drivers/STM32F0xx_HAL_Driver/Src/stm32f0xx_hal_tim_ex.o

.debug_abbrev   0x0000000000000000     0x2892
 .debug_abbrev  0x0000000000000000      0x110 ./Core/CAN/can_can1.o
 .debug_abbrev  0x0000000000000110      0x163 ./Core/CAN/can_hal_callbacks.o
 .debug_abbrev  0x0000000000000273      0x22d ./Core/CAN/can_hal_can1.o
 .debug_abbrev  0x00000000000004a0      0x211 ./Core/Src/adc.o
 .debug_abbrev  0x00000000000006b1      0x21f ./Core/Src/can.o
 .debug_abbrev  0x00000000000008d0       0xf8 ./Core/Src/dma.o
 .debug_abbrev  0x00000000000009c8      0x146 ./Core/Src/gpio.o
 .debug_abbrev  0x0000000000000b0e      0x352 ./Core/Src/main.o
 .debug_abbrev  0x0000000000000e60      0x103 ./Core/Src/stm32f0xx_hal_msp.o
 .debug_abbrev  0x0000000000000f63      0x1e0 ./Core/Src/stm32f0xx_it.o
 .debug_abbrev  0x0000000000001143      0x116 ./Core/Src/system_stm32f0xx.o
 .debug_abbrev  0x0000000000001259      0x255 ./Core/Src/tim.o
 .debug_abbrev  0x00000000000014ae       0x12 ./Core/Startup/startup_stm32f091rctx.o
 .debug_abbrev  0x00000000000014c0      0x20e ./Drivers/STM32F0xx_HAL_Driver/Src/stm32f0xx_hal.o
 .debug_abbrev  0x00000000000016ce      0x243 ./Drivers/STM32F0xx_HAL_Driver/Src/stm32f0xx_hal_adc.o
 .debug_abbrev  0x0000000000001911      0x1c5 ./Drivers/STM32F0xx_HAL_Driver/Src/stm32f0xx_hal_can.o
 .debug_abbrev  0x0000000000001ad6      0x283 ./Drivers/STM32F0xx_HAL_Driver/Src/stm32f0xx_hal_cortex.o
 .debug_abbrev  0x0000000000001d59      0x22a ./Drivers/STM32F0xx_HAL_Driver/Src/stm32f0xx_hal_dma.o
 .debug_abbrev  0x0000000000001f83      0x1ca ./Drivers/STM32F0xx_HAL_Driver/Src/stm32f0xx_hal_gpio.o
 .debug_abbrev  0x000000000000214d      0x283 ./Drivers/STM32F0xx_HAL_Driver/Src/stm32f0xx_hal_rcc.o
 .debug_abbrev  0x00000000000023d0      0x25d ./Drivers/STM32F0xx_HAL_Driver/Src/stm32f0xx_hal_tim.o
 .debug_abbrev  0x000000000000262d      0x265 ./Drivers/STM32F0xx_HAL_Driver/Src/stm32f0xx_hal_tim_ex.o

.debug_aranges  0x0000000000000000      0xd80
 .debug_aranges
                0x0000000000000000       0x48 ./Core/CAN/can_can1.o
 .debug_aranges
                0x0000000000000048       0x28 ./Core/CAN/can_hal_callbacks.o
 .debug_aranges
                0x0000000000000070       0x48 ./Core/CAN/can_hal_can1.o
 .debug_aranges
                0x00000000000000b8       0x30 ./Core/Src/adc.o
 .debug_aranges
                0x00000000000000e8       0x30 ./Core/Src/can.o
 .debug_aranges
                0x0000000000000118       0x20 ./Core/Src/dma.o
 .debug_aranges
                0x0000000000000138       0x20 ./Core/Src/gpio.o
 .debug_aranges
                0x0000000000000158       0x78 ./Core/Src/main.o
 .debug_aranges
                0x00000000000001d0       0x20 ./Core/Src/stm32f0xx_hal_msp.o
 .debug_aranges
                0x00000000000001f0       0x90 ./Core/Src/stm32f0xx_it.o
 .debug_aranges
                0x0000000000000280       0x28 ./Core/Src/system_stm32f0xx.o
 .debug_aranges
                0x00000000000002a8       0x58 ./Core/Src/tim.o
 .debug_aranges
                0x0000000000000300       0x28 ./Core/Startup/startup_stm32f091rctx.o
 .debug_aranges
                0x0000000000000328       0xd0 ./Drivers/STM32F0xx_HAL_Driver/Src/stm32f0xx_hal.o
 .debug_aranges
                0x00000000000003f8       0xf8 ./Drivers/STM32F0xx_HAL_Driver/Src/stm32f0xx_hal_adc.o
 .debug_aranges
                0x00000000000004f0      0x138 ./Drivers/STM32F0xx_HAL_Driver/Src/stm32f0xx_hal_can.o
 .debug_aranges
                0x0000000000000628       0xc0 ./Drivers/STM32F0xx_HAL_Driver/Src/stm32f0xx_hal_cortex.o
 .debug_aranges
                0x00000000000006e8       0x88 ./Drivers/STM32F0xx_HAL_Driver/Src/stm32f0xx_hal_dma.o
 .debug_aranges
                0x0000000000000770       0x58 ./Drivers/STM32F0xx_HAL_Driver/Src/stm32f0xx_hal_gpio.o
 .debug_aranges
                0x00000000000007c8       0x80 ./Drivers/STM32F0xx_HAL_Driver/Src/stm32f0xx_hal_rcc.o
 .debug_aranges
                0x0000000000000848      0x3d0 ./Drivers/STM32F0xx_HAL_Driver/Src/stm32f0xx_hal_tim.o
 .debug_aranges
                0x0000000000000c18      0x168 ./Drivers/STM32F0xx_HAL_Driver/Src/stm32f0xx_hal_tim_ex.o

.debug_ranges   0x0000000000000000      0xcb8
 .debug_ranges  0x0000000000000000       0xc8 ./Core/CAN/can_can1.o
 .debug_ranges  0x00000000000000c8       0x18 ./Core/CAN/can_hal_callbacks.o
 .debug_ranges  0x00000000000000e0       0x38 ./Core/CAN/can_hal_can1.o
 .debug_ranges  0x0000000000000118       0x20 ./Core/Src/adc.o
 .debug_ranges  0x0000000000000138       0x20 ./Core/Src/can.o
 .debug_ranges  0x0000000000000158       0x10 ./Core/Src/dma.o
 .debug_ranges  0x0000000000000168       0x10 ./Core/Src/gpio.o
 .debug_ranges  0x0000000000000178       0x68 ./Core/Src/main.o
 .debug_ranges  0x00000000000001e0       0x10 ./Core/Src/stm32f0xx_hal_msp.o
 .debug_ranges  0x00000000000001f0       0x80 ./Core/Src/stm32f0xx_it.o
 .debug_ranges  0x0000000000000270       0x18 ./Core/Src/system_stm32f0xx.o
 .debug_ranges  0x0000000000000288       0x48 ./Core/Src/tim.o
 .debug_ranges  0x00000000000002d0       0x20 ./Core/Startup/startup_stm32f091rctx.o
 .debug_ranges  0x00000000000002f0       0xc0 ./Drivers/STM32F0xx_HAL_Driver/Src/stm32f0xx_hal.o
 .debug_ranges  0x00000000000003b0       0xe8 ./Drivers/STM32F0xx_HAL_Driver/Src/stm32f0xx_hal_adc.o
 .debug_ranges  0x0000000000000498      0x128 ./Drivers/STM32F0xx_HAL_Driver/Src/stm32f0xx_hal_can.o
 .debug_ranges  0x00000000000005c0       0xb0 ./Drivers/STM32F0xx_HAL_Driver/Src/stm32f0xx_hal_cortex.o
 .debug_ranges  0x0000000000000670       0x78 ./Drivers/STM32F0xx_HAL_Driver/Src/stm32f0xx_hal_dma.o
 .debug_ranges  0x00000000000006e8       0x48 ./Drivers/STM32F0xx_HAL_Driver/Src/stm32f0xx_hal_gpio.o
 .debug_ranges  0x0000000000000730       0x70 ./Drivers/STM32F0xx_HAL_Driver/Src/stm32f0xx_hal_rcc.o
 .debug_ranges  0x00000000000007a0      0x3c0 ./Drivers/STM32F0xx_HAL_Driver/Src/stm32f0xx_hal_tim.o
 .debug_ranges  0x0000000000000b60      0x158 ./Drivers/STM32F0xx_HAL_Driver/Src/stm32f0xx_hal_tim_ex.o

.debug_macro    0x0000000000000000    0x1c634
 .debug_macro   0x0000000000000000      0x2dc ./Core/CAN/can_can1.o
 .debug_macro   0x00000000000002dc      0xa4e ./Core/CAN/can_can1.o
 .debug_macro   0x0000000000000d2a       0x22 ./Core/CAN/can_can1.o
 .debug_macro   0x0000000000000d4c       0x8e ./Core/CAN/can_can1.o
 .debug_macro   0x0000000000000dda       0x51 ./Core/CAN/can_can1.o
 .debug_macro   0x0000000000000e2b      0x103 ./Core/CAN/can_can1.o
 .debug_macro   0x0000000000000f2e       0x6a ./Core/CAN/can_can1.o
 .debug_macro   0x0000000000000f98      0x1df ./Core/CAN/can_can1.o
 .debug_macro   0x0000000000001177       0x52 ./Core/CAN/can_can1.o
 .debug_macro   0x00000000000011c9       0x18 ./Core/CAN/can_can1.o
 .debug_macro   0x00000000000011e1       0x3c ./Core/CAN/can_can1.o
 .debug_macro   0x000000000000121d       0x34 ./Core/CAN/can_can1.o
 .debug_macro   0x0000000000001251      0x174 ./Core/CAN/can_can1.o
 .debug_macro   0x00000000000013c5       0x16 ./Core/CAN/can_can1.o
 .debug_macro   0x00000000000013db       0x43 ./Core/CAN/can_can1.o
 .debug_macro   0x000000000000141e       0x34 ./Core/CAN/can_can1.o
 .debug_macro   0x0000000000001452       0x10 ./Core/CAN/can_can1.o
 .debug_macro   0x0000000000001462       0x58 ./Core/CAN/can_can1.o
 .debug_macro   0x00000000000014ba       0x71 ./Core/CAN/can_can1.o
 .debug_macro   0x000000000000152b       0x1c ./Core/CAN/can_can1.o
 .debug_macro   0x0000000000001547      0x12a ./Core/CAN/can_can1.o
 .debug_macro   0x0000000000001671      0x341 ./Core/CAN/can_can1.o
 .debug_macro   0x00000000000019b2       0x10 ./Core/CAN/can_can1.o
 .debug_macro   0x00000000000019c2       0x35 ./Core/CAN/can_can1.o
 .debug_macro   0x00000000000019f7       0x20 ./Core/CAN/can_can1.o
 .debug_macro   0x0000000000001a17       0x1c ./Core/CAN/can_can1.o
 .debug_macro   0x0000000000001a33      0x139 ./Core/CAN/can_can1.o
 .debug_macro   0x0000000000001b6c       0x2e ./Core/CAN/can_can1.o
 .debug_macro   0x0000000000001b9a       0x22 ./Core/CAN/can_can1.o
 .debug_macro   0x0000000000001bbc       0x1c ./Core/CAN/can_can1.o
 .debug_macro   0x0000000000001bd8       0x22 ./Core/CAN/can_can1.o
 .debug_macro   0x0000000000001bfa       0xaf ./Core/CAN/can_can1.o
 .debug_macro   0x0000000000001ca9      0x391 ./Core/CAN/can_can1.o
 .debug_macro   0x000000000000203a    0x10e4f ./Core/CAN/can_can1.o
 .debug_macro   0x0000000000012e89       0x66 ./Core/CAN/can_can1.o
 .debug_macro   0x0000000000012eef     0x34a6 ./Core/CAN/can_can1.o
 .debug_macro   0x0000000000016395       0x4f ./Core/CAN/can_can1.o
 .debug_macro   0x00000000000163e4      0x946 ./Core/CAN/can_can1.o
 .debug_macro   0x0000000000016d2a      0x69b ./Core/CAN/can_can1.o
 .debug_macro   0x00000000000173c5      0x1af ./Core/CAN/can_can1.o
 .debug_macro   0x0000000000017574      0x202 ./Core/CAN/can_can1.o
 .debug_macro   0x0000000000017776      0x1a7 ./Core/CAN/can_can1.o
 .debug_macro   0x000000000001791d      0x1bc ./Core/CAN/can_can1.o
 .debug_macro   0x0000000000017ad9      0x4d0 ./Core/CAN/can_can1.o
 .debug_macro   0x0000000000017fa9       0x3c ./Core/CAN/can_can1.o
 .debug_macro   0x0000000000017fe5       0x28 ./Core/CAN/can_can1.o
 .debug_macro   0x000000000001800d      0x33d ./Core/CAN/can_can1.o
 .debug_macro   0x000000000001834a       0xd4 ./Core/CAN/can_can1.o
 .debug_macro   0x000000000001841e      0x408 ./Core/CAN/can_can1.o
 .debug_macro   0x0000000000018826       0xb0 ./Core/CAN/can_can1.o
 .debug_macro   0x00000000000188d6      0x23f ./Core/CAN/can_can1.o
 .debug_macro   0x0000000000018b15      0x22c ./Core/CAN/can_can1.o
 .debug_macro   0x0000000000018d41       0x61 ./Core/CAN/can_can1.o
 .debug_macro   0x0000000000018da2       0xa5 ./Core/CAN/can_can1.o
 .debug_macro   0x0000000000018e47       0x4c ./Core/CAN/can_can1.o
 .debug_macro   0x0000000000018e93      0x16d ./Core/CAN/can_can1.o
 .debug_macro   0x0000000000019000      0x8d8 ./Core/CAN/can_can1.o
 .debug_macro   0x00000000000198d8       0x28 ./Core/CAN/can_can1.o
 .debug_macro   0x0000000000019900      0x435 ./Core/CAN/can_can1.o
 .debug_macro   0x0000000000019d35       0x28 ./Core/CAN/can_can1.o
 .debug_macro   0x0000000000019d5d      0x2d8 ./Core/CAN/can_hal_callbacks.o
 .debug_macro   0x000000000001a035      0x2dc ./Core/CAN/can_hal_can1.o
 .debug_macro   0x000000000001a311      0x1e5 ./Core/Src/adc.o
 .debug_macro   0x000000000001a4f6       0x55 ./Core/Src/adc.o
 .debug_macro   0x000000000001a54b      0x1e5 ./Core/Src/can.o
 .debug_macro   0x000000000001a730      0x1e5 ./Core/Src/dma.o
 .debug_macro   0x000000000001a915      0x1e5 ./Core/Src/gpio.o
 .debug_macro   0x000000000001aafa      0x333 ./Core/Src/main.o
 .debug_macro   0x000000000001ae2d      0x1db ./Core/Src/stm32f0xx_hal_msp.o
 .debug_macro   0x000000000001b008      0x1e5 ./Core/Src/stm32f0xx_it.o
 .debug_macro   0x000000000001b1ed      0x1cc ./Core/Src/system_stm32f0xx.o
 .debug_macro   0x000000000001b3b9      0x1e5 ./Core/Src/tim.o
 .debug_macro   0x000000000001b59e      0x1f0 ./Drivers/STM32F0xx_HAL_Driver/Src/stm32f0xx_hal.o
 .debug_macro   0x000000000001b78e      0x1f0 ./Drivers/STM32F0xx_HAL_Driver/Src/stm32f0xx_hal_adc.o
 .debug_macro   0x000000000001b97e      0x1d4 ./Drivers/STM32F0xx_HAL_Driver/Src/stm32f0xx_hal_can.o
 .debug_macro   0x000000000001bb52      0x1cc ./Drivers/STM32F0xx_HAL_Driver/Src/stm32f0xx_hal_cortex.o
 .debug_macro   0x000000000001bd1e      0x1cc ./Drivers/STM32F0xx_HAL_Driver/Src/stm32f0xx_hal_dma.o
 .debug_macro   0x000000000001beea      0x1d3 ./Drivers/STM32F0xx_HAL_Driver/Src/stm32f0xx_hal_gpio.o
 .debug_macro   0x000000000001c0bd      0x1de ./Drivers/STM32F0xx_HAL_Driver/Src/stm32f0xx_hal_rcc.o
 .debug_macro   0x000000000001c29b      0x1cd ./Drivers/STM32F0xx_HAL_Driver/Src/stm32f0xx_hal_tim.o
 .debug_macro   0x000000000001c468      0x1cc ./Drivers/STM32F0xx_HAL_Driver/Src/stm32f0xx_hal_tim_ex.o

.debug_line     0x0000000000000000    0x11563
 .debug_line    0x0000000000000000      0xbf5 ./Core/CAN/can_can1.o
 .debug_line    0x0000000000000bf5      0x8ad ./Core/CAN/can_hal_callbacks.o
 .debug_line    0x00000000000014a2      0xa3e ./Core/CAN/can_hal_can1.o
 .debug_line    0x0000000000001ee0      0x7dc ./Core/Src/adc.o
 .debug_line    0x00000000000026bc      0x765 ./Core/Src/can.o
 .debug_line    0x0000000000002e21      0x6f0 ./Core/Src/dma.o
 .debug_line    0x0000000000003511      0x703 ./Core/Src/gpio.o
 .debug_line    0x0000000000003c14      0xc44 ./Core/Src/main.o
 .debug_line    0x0000000000004858      0x6f7 ./Core/Src/stm32f0xx_hal_msp.o
 .debug_line    0x0000000000004f4f      0x83e ./Core/Src/stm32f0xx_it.o
 .debug_line    0x000000000000578d      0x77c ./Core/Src/system_stm32f0xx.o
 .debug_line    0x0000000000005f09      0xa09 ./Core/Src/tim.o
 .debug_line    0x0000000000006912       0x89 ./Core/Startup/startup_stm32f091rctx.o
 .debug_line    0x000000000000699b      0x96f ./Drivers/STM32F0xx_HAL_Driver/Src/stm32f0xx_hal.o
 .debug_line    0x000000000000730a     0x11b5 ./Drivers/STM32F0xx_HAL_Driver/Src/stm32f0xx_hal_adc.o
 .debug_line    0x00000000000084bf     0x1133 ./Drivers/STM32F0xx_HAL_Driver/Src/stm32f0xx_hal_can.o
 .debug_line    0x00000000000095f2      0xa1b ./Drivers/STM32F0xx_HAL_Driver/Src/stm32f0xx_hal_cortex.o
 .debug_line    0x000000000000a00d      0xcac ./Drivers/STM32F0xx_HAL_Driver/Src/stm32f0xx_hal_dma.o
 .debug_line    0x000000000000acb9      0xb01 ./Drivers/STM32F0xx_HAL_Driver/Src/stm32f0xx_hal_gpio.o
 .debug_line    0x000000000000b7ba      0xdfe ./Drivers/STM32F0xx_HAL_Driver/Src/stm32f0xx_hal_rcc.o
 .debug_line    0x000000000000c5b8     0x369e ./Drivers/STM32F0xx_HAL_Driver/Src/stm32f0xx_hal_tim.o
 .debug_line    0x000000000000fc56     0x190d ./Drivers/STM32F0xx_HAL_Driver/Src/stm32f0xx_hal_tim_ex.o

.debug_str      0x0000000000000000    0xa86df
 .debug_str     0x0000000000000000    0xa4cbb ./Core/CAN/can_can1.o
                                      0xa4f95 (size before relaxing)
 .debug_str     0x00000000000a4cbb      0x2ec ./Core/CAN/can_hal_callbacks.o
                                      0xa4fd5 (size before relaxing)
 .debug_str     0x00000000000a4fa7      0x327 ./Core/CAN/can_hal_can1.o
                                      0xa5546 (size before relaxing)
 .debug_str     0x00000000000a52ce      0x602 ./Core/Src/adc.o
                                      0xa25dd (size before relaxing)
 .debug_str     0x00000000000a58d0       0x57 ./Core/Src/can.o
                                      0xa24a4 (size before relaxing)
 .debug_str     0x00000000000a5927       0x29 ./Core/Src/dma.o
                                      0xa20c6 (size before relaxing)
 .debug_str     0x00000000000a5950       0x68 ./Core/Src/gpio.o
                                      0xa1f85 (size before relaxing)
 .debug_str     0x00000000000a59b8      0x694 ./Core/Src/main.o
                                      0xa5cfb (size before relaxing)
 .debug_str     0x00000000000a604c       0x2c ./Core/Src/stm32f0xx_hal_msp.o
                                      0xa20c9 (size before relaxing)
 .debug_str     0x00000000000a6078      0x160 ./Core/Src/stm32f0xx_it.o
                                      0xa2866 (size before relaxing)
 .debug_str     0x00000000000a61d8       0x7b ./Core/Src/system_stm32f0xx.o
                                      0xa1e87 (size before relaxing)
 .debug_str     0x00000000000a6253      0x28d ./Core/Src/tim.o
                                      0xa2974 (size before relaxing)
 .debug_str     0x00000000000a64e0       0x36 ./Core/Startup/startup_stm32f091rctx.o
                                         0x75 (size before relaxing)
 .debug_str     0x00000000000a6516      0x37a ./Drivers/STM32F0xx_HAL_Driver/Src/stm32f0xx_hal.o
                                      0xa2474 (size before relaxing)
 .debug_str     0x00000000000a6890      0x345 ./Drivers/STM32F0xx_HAL_Driver/Src/stm32f0xx_hal_adc.o
                                      0xa2594 (size before relaxing)
 .debug_str     0x00000000000a6bd5      0x374 ./Drivers/STM32F0xx_HAL_Driver/Src/stm32f0xx_hal_can.o
                                      0xa2658 (size before relaxing)
 .debug_str     0x00000000000a6f49      0x179 ./Drivers/STM32F0xx_HAL_Driver/Src/stm32f0xx_hal_cortex.o
                                      0xa2265 (size before relaxing)
 .debug_str     0x00000000000a70c2      0x1fa ./Drivers/STM32F0xx_HAL_Driver/Src/stm32f0xx_hal_dma.o
                                      0xa223d (size before relaxing)
 .debug_str     0x00000000000a72bc      0x105 ./Drivers/STM32F0xx_HAL_Driver/Src/stm32f0xx_hal_gpio.o
                                      0xa203d (size before relaxing)
 .debug_str     0x00000000000a73c1      0x21a ./Drivers/STM32F0xx_HAL_Driver/Src/stm32f0xx_hal_rcc.o
                                      0xa22ce (size before relaxing)
 .debug_str     0x00000000000a75db      0xd23 ./Drivers/STM32F0xx_HAL_Driver/Src/stm32f0xx_hal_tim.o
                                      0xa329d (size before relaxing)
 .debug_str     0x00000000000a82fe      0x3e1 ./Drivers/STM32F0xx_HAL_Driver/Src/stm32f0xx_hal_tim_ex.o
                                      0xa2ab9 (size before relaxing)

.comment        0x0000000000000000       0x50
 .comment       0x0000000000000000       0x50 ./Core/CAN/can_can1.o
                                         0x51 (size before relaxing)
 .comment       0x0000000000000050       0x51 ./Core/CAN/can_hal_callbacks.o
 .comment       0x0000000000000050       0x51 ./Core/CAN/can_hal_can1.o
 .comment       0x0000000000000050       0x51 ./Core/Src/adc.o
 .comment       0x0000000000000050       0x51 ./Core/Src/can.o
 .comment       0x0000000000000050       0x51 ./Core/Src/dma.o
 .comment       0x0000000000000050       0x51 ./Core/Src/gpio.o
 .comment       0x0000000000000050       0x51 ./Core/Src/main.o
 .comment       0x0000000000000050       0x51 ./Core/Src/stm32f0xx_hal_msp.o
 .comment       0x0000000000000050       0x51 ./Core/Src/stm32f0xx_it.o
 .comment       0x0000000000000050       0x51 ./Core/Src/system_stm32f0xx.o
 .comment       0x0000000000000050       0x51 ./Core/Src/tim.o
 .comment       0x0000000000000050       0x51 ./Drivers/STM32F0xx_HAL_Driver/Src/stm32f0xx_hal.o
 .comment       0x0000000000000050       0x51 ./Drivers/STM32F0xx_HAL_Driver/Src/stm32f0xx_hal_adc.o
 .comment       0x0000000000000050       0x51 ./Drivers/STM32F0xx_HAL_Driver/Src/stm32f0xx_hal_can.o
 .comment       0x0000000000000050       0x51 ./Drivers/STM32F0xx_HAL_Driver/Src/stm32f0xx_hal_cortex.o
 .comment       0x0000000000000050       0x51 ./Drivers/STM32F0xx_HAL_Driver/Src/stm32f0xx_hal_dma.o
 .comment       0x0000000000000050       0x51 ./Drivers/STM32F0xx_HAL_Driver/Src/stm32f0xx_hal_gpio.o
 .comment       0x0000000000000050       0x51 ./Drivers/STM32F0xx_HAL_Driver/Src/stm32f0xx_hal_rcc.o