../Drivers/CMSIS/Include/core_cm7.h:2229:22:SCB_EnableICache	4	static,ignoring_inline_asm
../Drivers/CMSIS/Include/core_cm7.h:2281:22:SCB_EnableDCache	24	static,ignoring_inline_asm
../Core/Src/main.c:189:5:main	16	static
../Core/Src/main.c:354:6:SystemClock_Config	88	static
../Core/Src/main.c:408:13:MX_CAN3_Init	48	static
../Core/Src/main.c:481:13:MX_DSIHOST_DSI_Init	176	static
../Core/Src/main.c:590:13:MX_I2C2_Init	8	static
../Core/Src/main.c:638:13:MX_LTDC_Init	64	static
../Core/Src/main.c:700:13:MX_GPIO_Init	56	static
../Core/Src/main.c:805:6:HAL_CAN_RxFifo0MsgPendingCallback	16	static
../Core/Src/main.c:810:6:HAL_CAN_RxFifo1MsgPendingCallback	16	static
../Core/Src/main.c:820:6:LCD_Reset	8	static
../Core/Src/main.c:834:6:OTM8009A_IO_Delay	16	static
../Core/Src/main.c:838:6:DSI_IO_WriteCmd	24	static
../Core/Src/main.c:854:6:TS_IO_Init	8	static
../Core/Src/main.c:864:9:TS_IO_Read	32	static
../Core/Src/main.c:882:10:TS_IO_ReadMultiple	24	static
../Core/Src/main.c:895:6:TS_IO_Write	24	static
../Core/Src/main.c:909:6:TS_IO_WriteMultiple	24	static
../Core/Src/main.c:920:6:TS_IO_Delay	16	static
../Core/Src/main.c:935:26:I2Cx_ReadMultiple	48	static
../Core/Src/main.c:961:26:I2Cx_WriteMultiple	48	static
../Core/Src/main.c:983:13:I2Cx_Error	16	static
../Core/Src/main.c:999:6:StartDefaultTask	16	static
../Core/Src/main.c:1017:13:lvglTask	16	static
../Core/Src/main.c:1035:13:indicatorsTask	16	static
../Core/Src/main.c:1053:13:canRXTask	16	static
../Core/Src/main.c:1071:13:canTXTask	16	static
../Core/Src/main.c:1086:6:Error_Handler	4	static,ignoring_inline_asm
