../Middlewares/Third_Party/lvgl/src/hal/../draw/../misc/../font/../misc/lv_area.h:123:26:lv_area_get_width	16	static
../Middlewares/Third_Party/lvgl/src/hal/../draw/../misc/../font/../misc/lv_area.h:133:26:lv_area_get_height	16	static
../Drivers/CMSIS/Include/core_cm7.h:2265:22:SCB_InvalidateICache	4	static,ignoring_inline_asm
../Drivers/CMSIS/Include/core_cm7.h:2427:22:SCB_CleanInvalidateDCache	24	static,ignoring_inline_asm
../Drivers/lv_drivers/display.c:24:6:disp_init	8	static
../Drivers/lv_drivers/display.c:38:13:disp_flush_cb	72	static
../Drivers/lv_drivers/display.c:86:6:HAL_DSI_EndOfRefreshCallback	16	static
